Archive member included to satisfy reference by file (symbol)

c:/program files (x86)/atmel/studio/7.0/toolchain/avr8/avr8-gnu-toolchain/bin/../lib/gcc/avr/5.4.0/avrxmega6\libgcc.a(_mulsi3.o)
                              src/main.o (__mulsi3)
c:/program files (x86)/atmel/studio/7.0/toolchain/avr8/avr8-gnu-toolchain/bin/../lib/gcc/avr/5.4.0/avrxmega6\libgcc.a(_udivmodsi4.o)
                              src/ASF/xmega/drivers/usart/usart.o (__udivmodsi4)
c:/program files (x86)/atmel/studio/7.0/toolchain/avr8/avr8-gnu-toolchain/bin/../lib/gcc/avr/5.4.0/avrxmega6\libgcc.a(_divmodsi4.o)
                              src/main.o (__divmodsi4)
c:/program files (x86)/atmel/studio/7.0/toolchain/avr8/avr8-gnu-toolchain/bin/../lib/gcc/avr/5.4.0/avrxmega6\libgcc.a(_negsi2.o)
                              c:/program files (x86)/atmel/studio/7.0/toolchain/avr8/avr8-gnu-toolchain/bin/../lib/gcc/avr/5.4.0/avrxmega6\libgcc.a(_divmodsi4.o) (__negsi2)
c:/program files (x86)/atmel/studio/7.0/toolchain/avr8/avr8-gnu-toolchain/bin/../lib/gcc/avr/5.4.0/avrxmega6\libgcc.a(_exit.o)
                              C:/Program Files (x86)/Atmel/Studio/7.0/Packs/atmel/XMEGAA_DFP/1.1.68/gcc/dev/atxmega256a3bu/avrxmega6/crtatxmega256a3bu.o (exit)
c:/program files (x86)/atmel/studio/7.0/toolchain/avr8/avr8-gnu-toolchain/bin/../lib/gcc/avr/5.4.0/avrxmega6\libgcc.a(_copy_data.o)
                              src/ASF/common/services/sleepmgr/xmega/sleepmgr.o (__do_copy_data)
c:/program files (x86)/atmel/studio/7.0/toolchain/avr8/avr8-gnu-toolchain/bin/../lib/gcc/avr/5.4.0/avrxmega6\libgcc.a(_clear_bss.o)
                              src/ASF/common/services/gfx_mono/gfx_mono_c12832_a1z.o (__do_clear_bss)
c:/program files (x86)/atmel/studio/7.0/toolchain/avr8/avr8-gnu-toolchain/bin/../lib/gcc/avr/5.4.0/avrxmega6\libgcc.a(_muluhisi3.o)
                              c:/program files (x86)/atmel/studio/7.0/toolchain/avr8/avr8-gnu-toolchain/bin/../lib/gcc/avr/5.4.0/avrxmega6\libgcc.a(_mulsi3.o) (__muluhisi3)
c:/program files (x86)/atmel/studio/7.0/toolchain/avr8/avr8-gnu-toolchain/bin/../lib/gcc/avr/5.4.0/avrxmega6\libgcc.a(_umulhisi3.o)
                              c:/program files (x86)/atmel/studio/7.0/toolchain/avr8/avr8-gnu-toolchain/bin/../lib/gcc/avr/5.4.0/avrxmega6\libgcc.a(_muluhisi3.o) (__umulhisi3)
c:/program files (x86)/atmel/studio/7.0/toolchain/avr8/avr8-gnu-toolchain/bin/../lib/gcc/avr/5.4.0/../../../../avr/lib/avrxmega6\libc.a(memcpy.o)
                              src/ASF/xmega/drivers/nvm/nvm.o (memcpy)
c:/program files (x86)/atmel/studio/7.0/toolchain/avr8/avr8-gnu-toolchain/bin/../lib/gcc/avr/5.4.0/../../../../avr/lib/avrxmega6\libc.a(snprintf.o)
                              src/main.o (snprintf)
c:/program files (x86)/atmel/studio/7.0/toolchain/avr8/avr8-gnu-toolchain/bin/../lib/gcc/avr/5.4.0/../../../../avr/lib/avrxmega6\libc.a(vfprintf_std.o)
                              c:/program files (x86)/atmel/studio/7.0/toolchain/avr8/avr8-gnu-toolchain/bin/../lib/gcc/avr/5.4.0/../../../../avr/lib/avrxmega6\libc.a(snprintf.o) (vfprintf)
c:/program files (x86)/atmel/studio/7.0/toolchain/avr8/avr8-gnu-toolchain/bin/../lib/gcc/avr/5.4.0/../../../../avr/lib/avrxmega6\libc.a(strnlen_P.o)
                              c:/program files (x86)/atmel/studio/7.0/toolchain/avr8/avr8-gnu-toolchain/bin/../lib/gcc/avr/5.4.0/../../../../avr/lib/avrxmega6\libc.a(vfprintf_std.o) (strnlen_P)
c:/program files (x86)/atmel/studio/7.0/toolchain/avr8/avr8-gnu-toolchain/bin/../lib/gcc/avr/5.4.0/../../../../avr/lib/avrxmega6\libc.a(strnlen.o)
                              c:/program files (x86)/atmel/studio/7.0/toolchain/avr8/avr8-gnu-toolchain/bin/../lib/gcc/avr/5.4.0/../../../../avr/lib/avrxmega6\libc.a(vfprintf_std.o) (strnlen)
c:/program files (x86)/atmel/studio/7.0/toolchain/avr8/avr8-gnu-toolchain/bin/../lib/gcc/avr/5.4.0/../../../../avr/lib/avrxmega6\libc.a(fputc.o)
                              c:/program files (x86)/atmel/studio/7.0/toolchain/avr8/avr8-gnu-toolchain/bin/../lib/gcc/avr/5.4.0/../../../../avr/lib/avrxmega6\libc.a(vfprintf_std.o) (fputc)
c:/program files (x86)/atmel/studio/7.0/toolchain/avr8/avr8-gnu-toolchain/bin/../lib/gcc/avr/5.4.0/../../../../avr/lib/avrxmega6\libc.a(ultoa_invert.o)
                              c:/program files (x86)/atmel/studio/7.0/toolchain/avr8/avr8-gnu-toolchain/bin/../lib/gcc/avr/5.4.0/../../../../avr/lib/avrxmega6\libc.a(vfprintf_std.o) (__ultoa_invert)

Allocating common symbols
Common symbol       size              file

rtc_data            0x2               src/ASF/xmega/drivers/rtc32/rtc32.o
adcb_callback       0x2               src/ASF/xmega/drivers/adc/adc.o
ptr_get             0x2               src/ASF/common/utils/stdio/read.o
ptr_put             0x2               src/ASF/common/utils/stdio/write.o
stdio_base          0x2               src/ASF/common/utils/stdio/write.o
sleepmgr_locks      0x6               src/ASF/common/services/sleepmgr/xmega/sleepmgr.o
[...]
Memory Configuration

Name             Origin             Length             Attributes
text             0x00000000         0x00100000         xr
data             0x00802000         0x0000ffa0         rw !x
eeprom           0x00810000         0x00010000         rw !x
fuse             0x00820000         0x00000006         rw !x
lock             0x00830000         0x00000400         rw !x
signature        0x00840000         0x00000400         rw !x
user_signatures  0x00850000         0x00000400         rw !x
*default*        0x00000000         0xffffffff

Linker script and memory map

LOAD C:/Program Files (x86)/Atmel/Studio/7.0/Packs/atmel/XMEGAA_DFP/1.1.68/gcc/dev/atxmega256a3bu/avrxmega6/crtatxmega256a3bu.o
LOAD src/ASF/common/components/display/st7565r/st7565r.o
LOAD src/ASF/common/services/gfx_mono/gfx_mono_c12832_a1z.o
LOAD src/ASF/common/services/serial/usart_serial.o
LOAD src/ASF/common/utils/stdio/read.o
LOAD src/ASF/common/utils/stdio/write.o
LOAD src/ASF/xmega/drivers/adc/adc.o
LOAD src/ASF/xmega/drivers/adc/xmega_aau/adc_aau.o
LOAD src/ASF/xmega/drivers/usart/usart.o
LOAD src/ASF/common/services/spi/xmega_usart_spi/usart_spi.o
LOAD src/ASF/common/services/spi/xmega_spi/spi_master.o
LOAD src/ASF/common/services/sleepmgr/xmega/sleepmgr.o
LOAD src/ASF/common/services/gfx_mono/gfx_mono_framebuffer.o
LOAD src/ASF/common/services/gfx_mono/gfx_mono_generic.o
LOAD src/ASF/common/services/clock/xmega/sysclk.o
LOAD src/ASF/common/services/gfx_mono/gfx_mono_menu.o
LOAD src/ASF/xmega/drivers/nvm/nvm.o
LOAD src/ASF/xmega/drivers/rtc32/rtc32.o
LOAD src/ASF/xmega/drivers/spi/spi.o
LOAD src/ASF/xmega/drivers/tc/tc.o
LOAD src/ASF/xmega/drivers/nvm/nvm_asm.o
LOAD src/ASF/xmega/drivers/cpu/ccp.o
LOAD src/ASF/common/services/gfx_mono/gfx_mono_text.o
LOAD src/ASF/common/services/gfx_mono/sysfont.o
LOAD src/ASF/common/services/ioport/xmega/ioport_compat.o
LOAD src/ASF/xmega/boards/xmega_a3bu_xplained/init.o
LOAD src/main.o
START GROUP
LOAD c:/program files (x86)/atmel/studio/7.0/toolchain/avr8/avr8-gnu-toolchain/bin/../lib/gcc/avr/5.4.0/../../../../avr/lib/avrxmega6\libm.a
END GROUP
Address of section .BOOT set to 0x40000
START GROUP
LOAD c:/program files (x86)/atmel/studio/7.0/toolchain/avr8/avr8-gnu-toolchain/bin/../lib/gcc/avr/5.4.0/avrxmega6\libgcc.a
LOAD c:/program files (x86)/atmel/studio/7.0/toolchain/avr8/avr8-gnu-toolchain/bin/../lib/gcc/avr/5.4.0/../../../../avr/lib/avrxmega6\libm.a
LOAD c:/program files (x86)/atmel/studio/7.0/toolchain/avr8/avr8-gnu-toolchain/bin/../lib/gcc/avr/5.4.0/../../../../avr/lib/avrxmega6\libc.a
LOAD C:/Program Files (x86)/Atmel/Studio/7.0/Packs/atmel/XMEGAA_DFP/1.1.68/gcc/dev/atxmega256a3bu/avrxmega6\libatxmega256a3bu.a
END GROUP
                0x00100000                __TEXT_REGION_LENGTH__ = DEFINED (__TEXT_REGION_LENGTH__)?__TEXT_REGION_LENGTH__:0x100000
                0x0000ffa0                __DATA_REGION_LENGTH__ = DEFINED (__DATA_REGION_LENGTH__)?__DATA_REGION_LENGTH__:0xffa0
                0x00010000                __EEPROM_REGION_LENGTH__ = DEFINED (__EEPROM_REGION_LENGTH__)?__EEPROM_REGION_LENGTH__:0x10000
                [0x00000006]                __FUSE_REGION_LENGTH__ = DEFINED (__FUSE_REGION_LENGTH__)?__FUSE_REGION_LENGTH__:0x400
                0x00000400                __LOCK_REGION_LENGTH__ = DEFINED (__LOCK_REGION_LENGTH__)?__LOCK_REGION_LENGTH__:0x400
                0x00000400                __SIGNATURE_REGION_LENGTH__ = DEFINED (__SIGNATURE_REGION_LENGTH__)?__SIGNATURE_REGION_LENGTH__:0x400
                0x00000400                __USER_SIGNATURE_REGION_LENGTH__ = DEFINED (__USER_SIGNATURE_REGION_LENGTH__)?__USER_SIGNATURE_REGION_LENGTH__:0x400

.hash
 *(.hash)

.dynsym
 *(.dynsym)

.dynstr
 *(.dynstr)

.gnu.version
 *(.gnu.version)

.gnu.version_d
 *(.gnu.version_d)

.gnu.version_r
 *(.gnu.version_r)

.rel.init
 *(.rel.init)

.rela.init
 *(.rela.init)

.rel.text
 *(.rel.text)
 *(.rel.text.*)
 *(.rel.gnu.linkonce.t*)

.rela.text
 *(.rela.text)
 *(.rela.text.*)
 *(.rela.gnu.linkonce.t*)

.rel.fini
 *(.rel.fini)

.rela.fini
 *(.rela.fini)

.rel.rodata
 *(.rel.rodata)
 *(.rel.rodata.*)
 *(.rel.gnu.linkonce.r*)

.rela.rodata
 *(.rela.rodata)
 *(.rela.rodata.*)
 *(.rela.gnu.linkonce.r*)

.rel.data
 *(.rel.data)
 *(.rel.data.*)
 *(.rel.gnu.linkonce.d*)

.rela.data
 *(.rela.data)
 *(.rela.data.*)
 *(.rela.gnu.linkonce.d*)

.rel.ctors
 *(.rel.ctors)

.rela.ctors
 *(.rela.ctors)

.rel.dtors
 *(.rel.dtors)

.rela.dtors
 *(.rela.dtors)

.rel.got
 *(.rel.got)

.rela.got
 *(.rela.got)

.rel.bss
 *(.rel.bss)

.rela.bss
 *(.rela.bss)

.rel.plt
 *(.rel.plt)

.rela.plt
 *(.rela.plt)

.text           0x00000000     0x2b98
 *(.vectors)
 .vectors       0x00000000      0x1fc C:/Program Files (x86)/Atmel/Studio/7.0/Packs/atmel/XMEGAA_DFP/1.1.68/gcc/dev/atxmega256a3bu/avrxmega6/crtatxmega256a3bu.o
                0x00000000                __vector_default
                0x00000000                __vectors
 *(.vectors)
 *(.progmem.gcc*)
                0x000001fc                . = ALIGN (0x2)
                0x000001fc                __trampolines_start = .
 *(.trampolines)
 .trampolines   0x000001fc        0x0 linker stubs
 *(.trampolines*)
                0x000001fc                __trampolines_end = .
 *libprintf_flt.a:*(.progmem.data)
 *libc.a:*(.progmem.data)
 *(.progmem*)
 .progmem.data.sysfont_glyphs
                0x000001fc      0x292 src/ASF/common/services/gfx_mono/sysfont.o
                0x0000048e                . = ALIGN (0x2)
 *(.jumptables)
 *(.jumptables*)
 *(.lowtext)
 *(.lowtext*)
                0x0000048e                __ctors_start = .
 *(.ctors)
                0x0000048e                __ctors_end = .
                0x0000048e                __dtors_start = .
 *(.dtors)
                0x0000048e                __dtors_end = .
 SORT(*)(.ctors)
 SORT(*)(.dtors)
 *(.init0)
 .init0         0x0000048e        0x0 C:/Program Files (x86)/Atmel/Studio/7.0/Packs/atmel/XMEGAA_DFP/1.1.68/gcc/dev/atxmega256a3bu/avrxmega6/crtatxmega256a3bu.o
                0x0000048e                __init
 *(.init0)
 *(.init1)
 *(.init1)
 *(.init2)
 .init2         0x0000048e       0x10 C:/Program Files (x86)/Atmel/Studio/7.0/Packs/atmel/XMEGAA_DFP/1.1.68/gcc/dev/atxmega256a3bu/avrxmega6/crtatxmega256a3bu.o
 *(.init2)
 *(.init3)
 *(.init3)
 *(.init4)
 .init4         0x0000049e       0x1a c:/program files (x86)/atmel/studio/7.0/toolchain/avr8/avr8-gnu-toolchain/bin/../lib/gcc/avr/5.4.0/avrxmega6\libgcc.a(_copy_data.o)
                0x0000049e                __do_copy_data
 .init4         0x000004b8       0x10 c:/program files (x86)/atmel/studio/7.0/toolchain/avr8/avr8-gnu-toolchain/bin/../lib/gcc/avr/5.4.0/avrxmega6\libgcc.a(_clear_bss.o)
                0x000004b8                __do_clear_bss
 *(.init4)
 *(.init5)
 *(.init5)
 *(.init6)
 *(.init6)
 *(.init7)
 *(.init7)
 *(.init8)
 *(.init8)
 *(.init9)
 .init9         0x000004c8        0x8 C:/Program Files (x86)/Atmel/Studio/7.0/Packs/atmel/XMEGAA_DFP/1.1.68/gcc/dev/atxmega256a3bu/avrxmega6/crtatxmega256a3bu.o
 *(.init9)
 *(.text)
 .text          0x000004d0        0x2 C:/Program Files (x86)/Atmel/Studio/7.0/Packs/atmel/XMEGAA_DFP/1.1.68/gcc/dev/atxmega256a3bu/avrxmega6/crtatxmega256a3bu.o
                0x000004d0                __vector_38
                0x000004d0                __vector_104
                0x000004d0                __vector_63
                0x000004d0                __vector_28
                0x000004d0                __vector_67
                0x000004d0                __vector_1
                0x000004d0                __vector_119
                0x000004d0                __vector_32
                0x000004d0                __vector_75
                0x000004d0                __vector_91
                0x000004d0                __vector_34
                0x000004d0                __vector_62
                0x000004d0                __vector_102
                0x000004d0                __vector_24
                0x000004d0                __vector_12
                0x000004d0                __vector_69
                0x000004d0                __vector_90
                0x000004d0                __vector_46
                0x000004d0                __bad_interrupt
                0x000004d0                __vector_122
                0x000004d0                __vector_114
                0x000004d0                __vector_6
                0x000004d0                __vector_31
                0x000004d0                __vector_92
                0x000004d0                __vector_35
                0x000004d0                __vector_117
                0x000004d0                __vector_107
                0x000004d0                __vector_3
                0x000004d0                __vector_105
                0x000004d0                __vector_98
                0x000004d0                __vector_68
                0x000004d0                __vector_30
                0x000004d0                __vector_45
                0x000004d0                __vector_25
                0x000004d0                __vector_93
                0x000004d0                __vector_61
                0x000004d0                __vector_99
                0x000004d0                __vector_13
                0x000004d0                __vector_7
                0x000004d0                __vector_125
                0x000004d0                __vector_123
                0x000004d0                __vector_100
                0x000004d0                __vector_101
                0x000004d0                __vector_64
                0x000004d0                __vector_88
                0x000004d0                __vector_43
                0x000004d0                __vector_27
                0x000004d0                __vector_5
                0x000004d0                __vector_33
                0x000004d0                __vector_76
                0x000004d0                __vector_115
                0x000004d0                __vector_37
                0x000004d0                __vector_95
                0x000004d0                __vector_103
                0x000004d0                __vector_96
                0x000004d0                __vector_89
                0x000004d0                __vector_4
                0x000004d0                __vector_44
                0x000004d0                __vector_106
                0x000004d0                __vector_118
                0x000004d0                __vector_9
                0x000004d0                __vector_2
                0x000004d0                __vector_66
                0x000004d0                __vector_36
                0x000004d0                __vector_58
                0x000004d0                __vector_70
                0x000004d0                __vector_29
                0x000004d0                __vector_60
                0x000004d0                __vector_121
                0x000004d0                __vector_94
                0x000004d0                __vector_126
                0x000004d0                __vector_8
                0x000004d0                __vector_26
                0x000004d0                __vector_124
                0x000004d0                __vector_116
                0x000004d0                __vector_57
                0x000004d0                __vector_10
                0x000004d0                __vector_59
                0x000004d0                __vector_97
                0x000004d0                __vector_87
                0x000004d0                __vector_65
                0x000004d0                __vector_120
                0x000004d2                . = ALIGN (0x2)
 *(.text.*)
 .text.__portable_avr_delay_cycles
                0x000004d2       0x16 src/ASF/common/components/display/st7565r/st7565r.o
 .text.st7565r_init
                0x000004e8      0x388 src/ASF/common/components/display/st7565r/st7565r.o
                0x000004e8                st7565r_init
 .text.gfx_mono_st7565r_put_byte
                0x00000870      0x14e src/ASF/common/services/gfx_mono/gfx_mono_c12832_a1z.o
                0x00000870                gfx_mono_st7565r_put_byte
 .text.gfx_mono_st7565r_init
                0x000009be       0x84 src/ASF/common/services/gfx_mono/gfx_mono_c12832_a1z.o
                0x000009be                gfx_mono_st7565r_init
 .text.gfx_mono_st7565r_draw_pixel
                0x00000a42       0x6c src/ASF/common/services/gfx_mono/gfx_mono_c12832_a1z.o
                0x00000a42                gfx_mono_st7565r_draw_pixel
 .text.gfx_mono_st7565r_get_byte
                0x00000aae        0x4 src/ASF/common/services/gfx_mono/gfx_mono_c12832_a1z.o
                0x00000aae                gfx_mono_st7565r_get_byte
 .text.__vector_71
                0x00000ab2       0x64 src/ASF/xmega/drivers/adc/xmega_aau/adc_aau.o
                0x00000ab2                __vector_71
 .text.__vector_72
                0x00000b16       0x64 src/ASF/xmega/drivers/adc/xmega_aau/adc_aau.o
                0x00000b16                __vector_72
 .text.__vector_73
                0x00000b7a       0x64 src/ASF/xmega/drivers/adc/xmega_aau/adc_aau.o
                0x00000b7a                __vector_73
 .text.__vector_74
                0x00000bde       0x64 src/ASF/xmega/drivers/adc/xmega_aau/adc_aau.o
                0x00000bde                __vector_74
 .text.__vector_39
                0x00000c42       0x64 src/ASF/xmega/drivers/adc/xmega_aau/adc_aau.o
                0x00000c42                __vector_39
 .text.__vector_40
                0x00000ca6       0x64 src/ASF/xmega/drivers/adc/xmega_aau/adc_aau.o
                0x00000ca6                __vector_40
 .text.__vector_41
                0x00000d0a       0x64 src/ASF/xmega/drivers/adc/xmega_aau/adc_aau.o
                0x00000d0a                __vector_41
 .text.__vector_42
                0x00000d6e       0x64 src/ASF/xmega/drivers/adc/xmega_aau/adc_aau.o
                0x00000d6e                __vector_42
 .text.usart_spi_set_baudrate
                0x00000dd2       0x64 src/ASF/xmega/drivers/usart/usart.o
                0x00000dd2                usart_spi_set_baudrate
 .text.usart_init_spi
                0x00000e36      0x3c8 src/ASF/xmega/drivers/usart/usart.o
                0x00000e36                usart_init_spi
 .text.usart_spi_init
                0x000011fe       0x5e src/ASF/common/services/spi/xmega_usart_spi/usart_spi.o
                0x000011fe                usart_spi_init
 .text.usart_spi_setup_device
                0x0000125c       0x34 src/ASF/common/services/spi/xmega_usart_spi/usart_spi.o
                0x0000125c                usart_spi_setup_device
 .text.usart_spi_select_device
                0x00001290       0x2c src/ASF/common/services/spi/xmega_usart_spi/usart_spi.o
                0x00001290                usart_spi_select_device
 .text.usart_spi_deselect_device
                0x000012bc       0x2c src/ASF/common/services/spi/xmega_usart_spi/usart_spi.o
                0x000012bc                usart_spi_deselect_device
 .text.gfx_mono_set_framebuffer
                0x000012e8        0xa src/ASF/common/services/gfx_mono/gfx_mono_framebuffer.o
                0x000012e8                gfx_mono_set_framebuffer
 .text.gfx_mono_framebuffer_put_byte
                0x000012f2       0x1c src/ASF/common/services/gfx_mono/gfx_mono_framebuffer.o
                0x000012f2                gfx_mono_framebuffer_put_byte
 .text.gfx_mono_framebuffer_get_byte
                0x0000130e       0x1c src/ASF/common/services/gfx_mono/gfx_mono_framebuffer.o
                0x0000130e                gfx_mono_framebuffer_get_byte
 .text.gfx_mono_generic_draw_horizontal_line
                0x0000132a       0xc4 src/ASF/common/services/gfx_mono/gfx_mono_generic.o
                0x0000132a                gfx_mono_generic_draw_horizontal_line
 .text.gfx_mono_generic_draw_filled_rect
                0x000013ee       0x34 src/ASF/common/services/gfx_mono/gfx_mono_generic.o
                0x000013ee                gfx_mono_generic_draw_filled_rect
 .text.sysclk_enable_module
                0x00001422       0x2c src/ASF/common/services/clock/xmega/sysclk.o
                0x00001422                sysclk_enable_module
 .text.rtc_get_time
                0x0000144e       0x22 src/ASF/xmega/drivers/rtc32/rtc32.o
                0x0000144e                rtc_get_time
 .text.__vector_11
                0x00001470       0x6a src/ASF/xmega/drivers/rtc32/rtc32.o
                0x00001470                __vector_11
 .text.__vector_14
                0x000014da       0x5a src/ASF/xmega/drivers/tc/tc.o
                0x000014da                __vector_14
 .text.__vector_15
                0x00001534       0x5a src/ASF/xmega/drivers/tc/tc.o
                0x00001534                __vector_15
 .text.__vector_16
                0x0000158e       0x5a src/ASF/xmega/drivers/tc/tc.o
                0x0000158e                __vector_16
 .text.__vector_17
                0x000015e8       0x5a src/ASF/xmega/drivers/tc/tc.o
                0x000015e8                __vector_17
 .text.__vector_18
                0x00001642       0x5a src/ASF/xmega/drivers/tc/tc.o
                0x00001642                __vector_18
 .text.__vector_19
                0x0000169c       0x5a src/ASF/xmega/drivers/tc/tc.o
                0x0000169c                __vector_19
 .text.__vector_20
                0x000016f6       0x5a src/ASF/xmega/drivers/tc/tc.o
                0x000016f6                __vector_20
 .text.__vector_21
                0x00001750       0x5a src/ASF/xmega/drivers/tc/tc.o
                0x00001750                __vector_21
 .text.__vector_22
                0x000017aa       0x5a src/ASF/xmega/drivers/tc/tc.o
                0x000017aa                __vector_22
 .text.__vector_23
                0x00001804       0x5a src/ASF/xmega/drivers/tc/tc.o
                0x00001804                __vector_23
 .text.__vector_77
                0x0000185e       0x5a src/ASF/xmega/drivers/tc/tc.o
                0x0000185e                __vector_77
 .text.__vector_78
                0x000018b8       0x5a src/ASF/xmega/drivers/tc/tc.o
                0x000018b8                __vector_78
 .text.__vector_79
                0x00001912       0x5a src/ASF/xmega/drivers/tc/tc.o
                0x00001912                __vector_79
 .text.__vector_80
                0x0000196c       0x5a src/ASF/xmega/drivers/tc/tc.o
                0x0000196c                __vector_80
 .text.__vector_81
                0x000019c6       0x5a src/ASF/xmega/drivers/tc/tc.o
                0x000019c6                __vector_81
 .text.__vector_82
                0x00001a20       0x5a src/ASF/xmega/drivers/tc/tc.o
                0x00001a20                __vector_82
 .text.__vector_83
                0x00001a7a       0x5a src/ASF/xmega/drivers/tc/tc.o
                0x00001a7a                __vector_83
 .text.__vector_84
                0x00001ad4       0x5a src/ASF/xmega/drivers/tc/tc.o
                0x00001ad4                __vector_84
 .text.__vector_85
                0x00001b2e       0x5a src/ASF/xmega/drivers/tc/tc.o
                0x00001b2e                __vector_85
 .text.__vector_86
                0x00001b88       0x5a src/ASF/xmega/drivers/tc/tc.o
                0x00001b88                __vector_86
 .text.__vector_47
                0x00001be2       0x5a src/ASF/xmega/drivers/tc/tc.o
                0x00001be2                __vector_47
 .text.__vector_48
                0x00001c3c       0x5a src/ASF/xmega/drivers/tc/tc.o
                0x00001c3c                __vector_48
 .text.__vector_49
                0x00001c96       0x5a src/ASF/xmega/drivers/tc/tc.o
                0x00001c96                __vector_49
 .text.__vector_50
                0x00001cf0       0x5a src/ASF/xmega/drivers/tc/tc.o
                0x00001cf0                __vector_50
 .text.__vector_51
                0x00001d4a       0x5a src/ASF/xmega/drivers/tc/tc.o
                0x00001d4a                __vector_51
 .text.__vector_52
                0x00001da4       0x5a src/ASF/xmega/drivers/tc/tc.o
                0x00001da4                __vector_52
 .text.__vector_53
                0x00001dfe       0x5a src/ASF/xmega/drivers/tc/tc.o
                0x00001dfe                __vector_53
 .text.__vector_54
                0x00001e58       0x5a src/ASF/xmega/drivers/tc/tc.o
                0x00001e58                __vector_54
 .text.__vector_55
                0x00001eb2       0x5a src/ASF/xmega/drivers/tc/tc.o
                0x00001eb2                __vector_55
 .text.__vector_56
                0x00001f0c       0x5a src/ASF/xmega/drivers/tc/tc.o
                0x00001f0c                __vector_56
 .text.__vector_108
                0x00001f66       0x5a src/ASF/xmega/drivers/tc/tc.o
                0x00001f66                __vector_108
 .text.__vector_109
                0x00001fc0       0x5a src/ASF/xmega/drivers/tc/tc.o
                0x00001fc0                __vector_109
 .text.__vector_110
                0x0000201a       0x5a src/ASF/xmega/drivers/tc/tc.o
                0x0000201a                __vector_110
 .text.__vector_111
                0x00002074       0x5a src/ASF/xmega/drivers/tc/tc.o
                0x00002074                __vector_111
 .text.__vector_112
                0x000020ce       0x5a src/ASF/xmega/drivers/tc/tc.o
                0x000020ce                __vector_112
 .text.__vector_113
                0x00002128       0x5a src/ASF/xmega/drivers/tc/tc.o
                0x00002128                __vector_113
 .text.gfx_mono_draw_char
                0x00002182       0xbc src/ASF/common/services/gfx_mono/gfx_mono_text.o
                0x00002182                gfx_mono_draw_char
 .text.gfx_mono_draw_string
                0x0000223e       0x52 src/ASF/common/services/gfx_mono/gfx_mono_text.o
                0x0000223e                gfx_mono_draw_string
 .text.ioport_configure_port_pin
                0x00002290       0x4e src/ASF/common/services/ioport/xmega/ioport_compat.o
                0x00002290                ioport_configure_port_pin
 .text.board_init
                0x000022de      0x13a src/ASF/xmega/boards/xmega_a3bu_xplained/init.o
                0x000022de                board_init
 .text.__portable_avr_delay_cycles
                0x00002418       0x16 src/main.o
 .text.main     0x0000242e      0x168 src/main.o
                0x0000242e                main
 .text.libgcc.div
                0x00002596       0x44 c:/program files (x86)/atmel/studio/7.0/toolchain/avr8/avr8-gnu-toolchain/bin/../lib/gcc/avr/5.4.0/avrxmega6\libgcc.a(_udivmodsi4.o)
                0x00002596                __udivmodsi4
 .text.avr-libc
                0x000025da       0x6c c:/program files (x86)/atmel/studio/7.0/toolchain/avr8/avr8-gnu-toolchain/bin/../lib/gcc/avr/5.4.0/../../../../avr/lib/avrxmega6\libc.a(snprintf.o)
                0x000025da                snprintf
 .text.avr-libc
                0x00002646      0x3ee c:/program files (x86)/atmel/studio/7.0/toolchain/avr8/avr8-gnu-toolchain/bin/../lib/gcc/avr/5.4.0/../../../../avr/lib/avrxmega6\libc.a(vfprintf_std.o)
                0x00002646                vfprintf
 .text.avr-libc
                0x00002a34       0x16 c:/program files (x86)/atmel/studio/7.0/toolchain/avr8/avr8-gnu-toolchain/bin/../lib/gcc/avr/5.4.0/../../../../avr/lib/avrxmega6\libc.a(strnlen_P.o)
                0x00002a34                strnlen_P
 .text.avr-libc
                0x00002a4a       0x16 c:/program files (x86)/atmel/studio/7.0/toolchain/avr8/avr8-gnu-toolchain/bin/../lib/gcc/avr/5.4.0/../../../../avr/lib/avrxmega6\libc.a(strnlen.o)
                0x00002a4a                strnlen
 .text.avr-libc
                0x00002a60       0x78 c:/program files (x86)/atmel/studio/7.0/toolchain/avr8/avr8-gnu-toolchain/bin/../lib/gcc/avr/5.4.0/../../../../avr/lib/avrxmega6\libc.a(fputc.o)
                0x00002a60                fputc
 .text.avr-libc
                0x00002ad8       0xbc c:/program files (x86)/atmel/studio/7.0/toolchain/avr8/avr8-gnu-toolchain/bin/../lib/gcc/avr/5.4.0/../../../../avr/lib/avrxmega6\libc.a(ultoa_invert.o)
                0x00002ad8                __ultoa_invert
                0x00002b94                . = ALIGN (0x2)
 *(.fini9)
 .fini9         0x00002b94        0x0 c:/program files (x86)/atmel/studio/7.0/toolchain/avr8/avr8-gnu-toolchain/bin/../lib/gcc/avr/5.4.0/avrxmega6\libgcc.a(_exit.o)
                0x00002b94                _exit
                0x00002b94                exit
 *(.fini9)
 *(.fini8)
 *(.fini8)
 *(.fini7)
 *(.fini7)
 *(.fini6)
 *(.fini6)
 *(.fini5)
 *(.fini5)
 *(.fini4)
 *(.fini4)
 *(.fini3)
 *(.fini3)
 *(.fini2)
 *(.fini2)
 *(.fini1)
 *(.fini1)
 *(.fini0)
 .fini0         0x00002b94        0x4 c:/program files (x86)/atmel/studio/7.0/toolchain/avr8/avr8-gnu-toolchain/bin/../lib/gcc/avr/5.4.0/avrxmega6\libgcc.a(_exit.o)
 *(.fini0)
                0x00002b98                _etext = .

.data           0x00802000       0x70 load address 0x00002b98
                0x00802000                PROVIDE (__data_start, .)
 *(.data)
 *(.data*)
 .data.sysfont  0x00802000        0x7 src/ASF/common/services/gfx_mono/sysfont.o
                0x00802000                sysfont
 *(.rodata)
 *(.rodata*)
 .rodata.str1.1
                0x00802007       0x69 src/main.o
 *(.gnu.linkonce.d*)
                0x00802070                . = ALIGN (0x2)
                0x00802070                _edata = .
                0x00802070                PROVIDE (__data_end, .)

.bss            0x00802070      0x319
                0x00802070                PROVIDE (__bss_start, .)
 *(.bss)
 *(.bss*)
 .bss.framebuffer
                0x00802070      0x200 src/ASF/common/services/gfx_mono/gfx_mono_c12832_a1z.o
 .bss.fbpointer
                0x00802270        0x2 src/ASF/common/services/gfx_mono/gfx_mono_framebuffer.o
 .bss.tc_tcf0_ccd_callback
                0x00802272        0x2 src/ASF/xmega/drivers/tc/tc.o
 .bss.tc_tcf0_ccc_callback
                0x00802274        0x2 src/ASF/xmega/drivers/tc/tc.o
 .bss.tc_tcf0_ccb_callback
                0x00802276        0x2 src/ASF/xmega/drivers/tc/tc.o
 .bss.tc_tcf0_cca_callback
                0x00802278        0x2 src/ASF/xmega/drivers/tc/tc.o
 .bss.tc_tcf0_err_callback
                0x0080227a        0x2 src/ASF/xmega/drivers/tc/tc.o
 .bss.tc_tcf0_ovf_callback
                0x0080227c        0x2 src/ASF/xmega/drivers/tc/tc.o
 .bss.tc_tce1_ccb_callback
                0x0080227e        0x2 src/ASF/xmega/drivers/tc/tc.o
 .bss.tc_tce1_cca_callback
                0x00802280        0x2 src/ASF/xmega/drivers/tc/tc.o
 .bss.tc_tce1_err_callback
                0x00802282        0x2 src/ASF/xmega/drivers/tc/tc.o
 .bss.tc_tce1_ovf_callback
                0x00802284        0x2 src/ASF/xmega/drivers/tc/tc.o
 .bss.tc_tce0_ccd_callback
                0x00802286        0x2 src/ASF/xmega/drivers/tc/tc.o
 .bss.tc_tce0_ccc_callback
                0x00802288        0x2 src/ASF/xmega/drivers/tc/tc.o
 .bss.tc_tce0_ccb_callback
                0x0080228a        0x2 src/ASF/xmega/drivers/tc/tc.o
 .bss.tc_tce0_cca_callback
                0x0080228c        0x2 src/ASF/xmega/drivers/tc/tc.o
 .bss.tc_tce0_err_callback
                0x0080228e        0x2 src/ASF/xmega/drivers/tc/tc.o
 .bss.tc_tce0_ovf_callback
                0x00802290        0x2 src/ASF/xmega/drivers/tc/tc.o
 .bss.tc_tcd1_ccb_callback
                0x00802292        0x2 src/ASF/xmega/drivers/tc/tc.o
 .bss.tc_tcd1_cca_callback
                0x00802294        0x2 src/ASF/xmega/drivers/tc/tc.o
 .bss.tc_tcd1_err_callback
                0x00802296        0x2 src/ASF/xmega/drivers/tc/tc.o
 .bss.tc_tcd1_ovf_callback
                0x00802298        0x2 src/ASF/xmega/drivers/tc/tc.o
 .bss.tc_tcd0_ccd_callback
                0x0080229a        0x2 src/ASF/xmega/drivers/tc/tc.o
 .bss.tc_tcd0_ccc_callback
                0x0080229c        0x2 src/ASF/xmega/drivers/tc/tc.o
 .bss.tc_tcd0_ccb_callback
                0x0080229e        0x2 src/ASF/xmega/drivers/tc/tc.o
 .bss.tc_tcd0_cca_callback
                0x008022a0        0x2 src/ASF/xmega/drivers/tc/tc.o
 .bss.tc_tcd0_err_callback
                0x008022a2        0x2 src/ASF/xmega/drivers/tc/tc.o
 .bss.tc_tcd0_ovf_callback
                0x008022a4        0x2 src/ASF/xmega/drivers/tc/tc.o
 .bss.tc_tcc1_ccb_callback
                0x008022a6        0x2 src/ASF/xmega/drivers/tc/tc.o
 .bss.tc_tcc1_cca_callback
                0x008022a8        0x2 src/ASF/xmega/drivers/tc/tc.o
 .bss.tc_tcc1_err_callback
                0x008022aa        0x2 src/ASF/xmega/drivers/tc/tc.o
 .bss.tc_tcc1_ovf_callback
                0x008022ac        0x2 src/ASF/xmega/drivers/tc/tc.o
 .bss.tc_tcc0_ccd_callback
                0x008022ae        0x2 src/ASF/xmega/drivers/tc/tc.o
 .bss.tc_tcc0_ccc_callback
                0x008022b0        0x2 src/ASF/xmega/drivers/tc/tc.o
 .bss.tc_tcc0_ccb_callback
                0x008022b2        0x2 src/ASF/xmega/drivers/tc/tc.o
 .bss.tc_tcc0_cca_callback
                0x008022b4        0x2 src/ASF/xmega/drivers/tc/tc.o
 .bss.tc_tcc0_err_callback
                0x008022b6        0x2 src/ASF/xmega/drivers/tc/tc.o
 .bss.tc_tcc0_ovf_callback
                0x008022b8        0x2 src/ASF/xmega/drivers/tc/tc.o
 .bss.strbuf    0x008022ba       0xc9 src/main.o
 *(COMMON)
 COMMON         0x00802383        0x4 src/ASF/xmega/drivers/adc/adc.o
                0x00802383                adcb_callback
                0x00802385                adca_callback
 COMMON         0x00802387        0x2 src/ASF/xmega/drivers/rtc32/rtc32.o
                0x00802387                rtc_data
                0x00802389                PROVIDE (__bss_end, .)
                0x00002b98                __data_load_start = LOADADDR (.data)
                0x00002c08                __data_load_end = (__data_load_start + SIZEOF (.data))

.noinit         0x00802389        0x0
                [!provide]                PROVIDE (__noinit_start, .)
 *(.noinit*)
                [!provide]                PROVIDE (__noinit_end, .)
                0x00802389                _end = .
                [!provide]                PROVIDE (__heap_start, .)

.eeprom         0x00810000        0x0
 *(.eeprom*)
                0x00810000                __eeprom_end = .

.fuse
 *(.fuse)
 *(.lfuse)
 *(.hfuse)
 *(.efuse)

.lock
 *(.lock*)

.signature
 *(.signature*)

.user_signatures
 *(.user_signatures*)

.stab
 *(.stab)

.stabstr
 *(.stabstr)

.stab.excl
 *(.stab.excl)

.stab.exclstr
 *(.stab.exclstr)

.stab.index
 *(.stab.index)

.stab.indexstr
 *(.stab.indexstr)

.comment        0x00000000       0x5c
 *(.comment)
 .comment       0x00000000       0x30 src/ASF/common/components/display/st7565r/st7565r.o
                                 0x31 (size before relaxing)
 .comment       0x00000030       0x31 src/ASF/common/services/gfx_mono/gfx_mono_c12832_a1z.o
 .comment       0x00000030       0x31 src/ASF/xmega/drivers/adc/adc.o
 .comment       0x00000030       0x31 src/ASF/xmega/drivers/adc/xmega_aau/adc_aau.o
 .comment       0x00000030       0x31 src/ASF/xmega/drivers/usart/usart.o
 .comment       0x00000030       0x31 src/ASF/common/services/spi/xmega_usart_spi/usart_spi.o
 .comment       0x00000030       0x31 src/ASF/common/services/gfx_mono/gfx_mono_framebuffer.o
 .comment       0x00000030       0x31 src/ASF/common/services/gfx_mono/gfx_mono_generic.o
 .comment       0x00000030       0x31 src/ASF/common/services/clock/xmega/sysclk.o
 .comment       0x00000030       0x31 src/ASF/xmega/drivers/rtc32/rtc32.o
 .comment       0x00000030       0x31 src/ASF/xmega/drivers/tc/tc.o
 .comment       0x00000030       0x31 src/ASF/common/services/gfx_mono/gfx_mono_text.o
 .comment       0x00000030       0x31 src/ASF/common/services/gfx_mono/sysfont.o
 .comment       0x00000030       0x31 src/ASF/common/services/ioport/xmega/ioport_compat.o
 .comment       0x00000030       0x31 src/ASF/xmega/boards/xmega_a3bu_xplained/init.o
 .comment       0x00000030       0x31 src/main.o
 .comment       0x00000030       0x31 c:/program files (x86)/atmel/studio/7.0/toolchain/avr8/avr8-gnu-toolchain/bin/../lib/gcc/avr/5.4.0/../../../../avr/lib/avrxmega6\libc.a(snprintf.o)
 .comment       0x00000030       0x2c c:/program files (x86)/atmel/studio/7.0/toolchain/avr8/avr8-gnu-toolchain/bin/../lib/gcc/avr/5.4.0/../../../../avr/lib/avrxmega6\libc.a(vfprintf_std.o)
                                 0x2d (size before relaxing)
 .comment       0x0000005c       0x31 c:/program files (x86)/atmel/studio/7.0/toolchain/avr8/avr8-gnu-toolchain/bin/../lib/gcc/avr/5.4.0/../../../../avr/lib/avrxmega6\libc.a(fputc.o)

.note.gnu.avr.deviceinfo
                0x00000000       0x44
 .note.gnu.avr.deviceinfo
                0x00000000       0x44 C:/Program Files (x86)/Atmel/Studio/7.0/Packs/atmel/XMEGAA_DFP/1.1.68/gcc/dev/atxmega256a3bu/avrxmega6/crtatxmega256a3bu.o

.note.gnu.build-id
 *(.note.gnu.build-id)

.debug
 *(.debug)

.line
 *(.line)

.debug_srcinfo
 *(.debug_srcinfo)

.debug_sfnames
 *(.debug_sfnames)

.debug_aranges  0x00000000      0x590
 *(.debug_aranges)
 .debug_aranges
                0x00000000       0x28 src/ASF/common/components/display/st7565r/st7565r.o
 .debug_aranges
                0x00000028       0x60 src/ASF/common/services/gfx_mono/gfx_mono_c12832_a1z.o
 .debug_aranges
                0x00000088       0x48 src/ASF/xmega/drivers/adc/adc.o
 .debug_aranges
                0x000000d0       0x78 src/ASF/xmega/drivers/adc/xmega_aau/adc_aau.o
 .debug_aranges
                0x00000148       0x58 src/ASF/xmega/drivers/usart/usart.o
 .debug_aranges
                0x000001a0       0x48 src/ASF/common/services/spi/xmega_usart_spi/usart_spi.o
 .debug_aranges
                0x000001e8       0x58 src/ASF/common/services/gfx_mono/gfx_mono_framebuffer.o
 .debug_aranges
                0x00000240       0x58 src/ASF/common/services/gfx_mono/gfx_mono_generic.o
 .debug_aranges
                0x00000298       0x40 src/ASF/common/services/clock/xmega/sysclk.o
 .debug_aranges
                0x000002d8       0x60 src/ASF/xmega/drivers/rtc32/rtc32.o
 .debug_aranges
                0x00000338      0x178 src/ASF/xmega/drivers/tc/tc.o
 .debug_aranges
                0x000004b0       0x40 src/ASF/common/services/gfx_mono/gfx_mono_text.o
 .debug_aranges
                0x000004f0       0x18 src/ASF/common/services/gfx_mono/sysfont.o
 .debug_aranges
                0x00000508       0x20 src/ASF/common/services/ioport/xmega/ioport_compat.o
 .debug_aranges
                0x00000528       0x20 src/ASF/xmega/boards/xmega_a3bu_xplained/init.o
 .debug_aranges
                0x00000548       0x48 src/main.o

.debug_pubnames
 *(.debug_pubnames)

.debug_info     0x00000000    0x12342
 *(.debug_info .gnu.linkonce.wi.*)
 .debug_info    0x00000000     0x3379 C:/Program Files (x86)/Atmel/Studio/7.0/Packs/atmel/XMEGAA_DFP/1.1.68/gcc/dev/atxmega256a3bu/avrxmega6/crtatxmega256a3bu.o
 .debug_info    0x00003379     0x1945 src/ASF/common/components/display/st7565r/st7565r.o
 .debug_info    0x00004cbe     0x1de2 src/ASF/common/services/gfx_mono/gfx_mono_c12832_a1z.o
 .debug_info    0x00006aa0      0xa91 src/ASF/xmega/drivers/adc/adc.o
 .debug_info    0x00007531      0xe99 src/ASF/xmega/drivers/adc/xmega_aau/adc_aau.o
 .debug_info    0x000083ca     0x2ce5 src/ASF/xmega/drivers/usart/usart.o
 .debug_info    0x0000b0af      0xb7e src/ASF/common/services/spi/xmega_usart_spi/usart_spi.o
 .debug_info    0x0000bc2d      0x487 src/ASF/common/services/gfx_mono/gfx_mono_framebuffer.o
 .debug_info    0x0000c0b4      0xc10 src/ASF/common/services/gfx_mono/gfx_mono_generic.o
 .debug_info    0x0000ccc4      0x71c src/ASF/common/services/clock/xmega/sysclk.o
 .debug_info    0x0000d3e0      0x720 src/ASF/xmega/drivers/rtc32/rtc32.o
 .debug_info    0x0000db00     0x1935 src/ASF/xmega/drivers/tc/tc.o
 .debug_info    0x0000f435      0x71b src/ASF/common/services/gfx_mono/gfx_mono_text.o
 .debug_info    0x0000fb50      0x1af src/ASF/common/services/gfx_mono/sysfont.o
 .debug_info    0x0000fcff      0x121 src/ASF/common/services/ioport/xmega/ioport_compat.o
 .debug_info    0x0000fe20      0xaeb src/ASF/xmega/boards/xmega_a3bu_xplained/init.o
 .debug_info    0x0001090b     0x1a37 src/main.o

.debug_abbrev   0x00000000     0x57a5
 *(.debug_abbrev)
 .debug_abbrev  0x00000000     0x30c4 C:/Program Files (x86)/Atmel/Studio/7.0/Packs/atmel/XMEGAA_DFP/1.1.68/gcc/dev/atxmega256a3bu/avrxmega6/crtatxmega256a3bu.o
 .debug_abbrev  0x000030c4      0x2a0 src/ASF/common/components/display/st7565r/st7565r.o
 .debug_abbrev  0x00003364      0x385 src/ASF/common/services/gfx_mono/gfx_mono_c12832_a1z.o
 .debug_abbrev  0x000036e9      0x2d2 src/ASF/xmega/drivers/adc/adc.o
 .debug_abbrev  0x000039bb      0x320 src/ASF/xmega/drivers/adc/xmega_aau/adc_aau.o
 .debug_abbrev  0x00003cdb      0x3f5 src/ASF/xmega/drivers/usart/usart.o
 .debug_abbrev  0x000040d0      0x2d8 src/ASF/common/services/spi/xmega_usart_spi/usart_spi.o
 .debug_abbrev  0x000043a8      0x174 src/ASF/common/services/gfx_mono/gfx_mono_framebuffer.o
 .debug_abbrev  0x0000451c      0x1ac src/ASF/common/services/gfx_mono/gfx_mono_generic.o
 .debug_abbrev  0x000046c8      0x218 src/ASF/common/services/clock/xmega/sysclk.o
 .debug_abbrev  0x000048e0      0x2ed src/ASF/xmega/drivers/rtc32/rtc32.o
 .debug_abbrev  0x00004bcd      0x29b src/ASF/xmega/drivers/tc/tc.o
 .debug_abbrev  0x00004e68      0x21c src/ASF/common/services/gfx_mono/gfx_mono_text.o
 .debug_abbrev  0x00005084       0xe2 src/ASF/common/services/gfx_mono/sysfont.o
 .debug_abbrev  0x00005166       0x95 src/ASF/common/services/ioport/xmega/ioport_compat.o
 .debug_abbrev  0x000051fb      0x14a src/ASF/xmega/boards/xmega_a3bu_xplained/init.o
 .debug_abbrev  0x00005345      0x460 src/main.o

.debug_line     0x00000000     0x9bb8
 *(.debug_line .debug_line.* .debug_line_end)
 .debug_line    0x00000000      0x39d C:/Program Files (x86)/Atmel/Studio/7.0/Packs/atmel/XMEGAA_DFP/1.1.68/gcc/dev/atxmega256a3bu/avrxmega6/crtatxmega256a3bu.o
 .debug_line    0x0000039d      0xac3 src/ASF/common/components/display/st7565r/st7565r.o
 .debug_line    0x00000e60      0xda7 src/ASF/common/services/gfx_mono/gfx_mono_c12832_a1z.o
 .debug_line    0x00001c07      0x7c5 src/ASF/xmega/drivers/adc/adc.o
 .debug_line    0x000023cc      0x975 src/ASF/xmega/drivers/adc/xmega_aau/adc_aau.o
 .debug_line    0x00002d41      0xc9d src/ASF/xmega/drivers/usart/usart.o
 .debug_line    0x000039de      0x7d6 src/ASF/common/services/spi/xmega_usart_spi/usart_spi.o
 .debug_line    0x000041b4      0x918 src/ASF/common/services/gfx_mono/gfx_mono_framebuffer.o
 .debug_line    0x00004acc      0xc05 src/ASF/common/services/gfx_mono/gfx_mono_generic.o
 .debug_line    0x000056d1      0x630 src/ASF/common/services/clock/xmega/sysclk.o
 .debug_line    0x00005d01      0x794 src/ASF/xmega/drivers/rtc32/rtc32.o
 .debug_line    0x00006495      0xed2 src/ASF/xmega/drivers/tc/tc.o
 .debug_line    0x00007367      0x9a2 src/ASF/common/services/gfx_mono/gfx_mono_text.o
 .debug_line    0x00007d09      0x7c2 src/ASF/common/services/gfx_mono/sysfont.o
 .debug_line    0x000084cb      0x4b4 src/ASF/common/services/ioport/xmega/ioport_compat.o
 .debug_line    0x0000897f      0x4df src/ASF/xmega/boards/xmega_a3bu_xplained/init.o
 .debug_line    0x00008e5e      0xd5a src/main.o

.debug_frame    0x00000000     0x1c70
 *(.debug_frame)
 .debug_frame   0x00000000       0x68 src/ASF/common/components/display/st7565r/st7565r.o
 .debug_frame   0x00000068      0x1b4 src/ASF/common/services/gfx_mono/gfx_mono_c12832_a1z.o
 .debug_frame   0x0000021c       0xbc src/ASF/xmega/drivers/adc/adc.o
 .debug_frame   0x000002d8      0x3e4 src/ASF/xmega/drivers/adc/xmega_aau/adc_aau.o
 .debug_frame   0x000006bc      0x14c src/ASF/xmega/drivers/usart/usart.o
 .debug_frame   0x00000808       0x90 src/ASF/common/services/spi/xmega_usart_spi/usart_spi.o
 .debug_frame   0x00000898       0xd0 src/ASF/common/services/gfx_mono/gfx_mono_framebuffer.o
 .debug_frame   0x00000968      0x214 src/ASF/common/services/gfx_mono/gfx_mono_generic.o
 .debug_frame   0x00000b7c       0x94 src/ASF/common/services/clock/xmega/sysclk.o
 .debug_frame   0x00000c10      0x10c src/ASF/xmega/drivers/rtc32/rtc32.o
 .debug_frame   0x00000d1c      0xd24 src/ASF/xmega/drivers/tc/tc.o
 .debug_frame   0x00001a40      0x100 src/ASF/common/services/gfx_mono/gfx_mono_text.o
 .debug_frame   0x00001b40       0x30 src/ASF/common/services/ioport/xmega/ioport_compat.o
 .debug_frame   0x00001b70       0x24 src/ASF/xmega/boards/xmega_a3bu_xplained/init.o
 .debug_frame   0x00001b94       0xdc src/main.o

.debug_str      0x00000000    0x339a9
 *(.debug_str)
 .debug_str     0x00000000     0x21e4 C:/Program Files (x86)/Atmel/Studio/7.0/Packs/atmel/XMEGAA_DFP/1.1.68/gcc/dev/atxmega256a3bu/avrxmega6/crtatxmega256a3bu.o
 .debug_str     0x000021e4    0x2b6f2 src/ASF/common/components/display/st7565r/st7565r.o
                              0x2bf4e (size before relaxing)
 .debug_str     0x0002d8d6      0xc05 src/ASF/common/services/gfx_mono/gfx_mono_c12832_a1z.o
                              0x2c84f (size before relaxing)
 .debug_str     0x0002e4db      0xede src/ASF/xmega/drivers/adc/adc.o
                              0x2b740 (size before relaxing)
 .debug_str     0x0002f3b9      0x5c4 src/ASF/xmega/drivers/adc/xmega_aau/adc_aau.o
                              0x2b9d3 (size before relaxing)
 .debug_str     0x0002f97d      0xaa0 src/ASF/xmega/drivers/usart/usart.o
                              0x2c062 (size before relaxing)
 .debug_str     0x0003041d       0x87 src/ASF/common/services/spi/xmega_usart_spi/usart_spi.o
                              0x2b523 (size before relaxing)
 .debug_str     0x000304a4       0xba src/ASF/common/services/gfx_mono/gfx_mono_framebuffer.o
                              0x2c46a (size before relaxing)
 .debug_str     0x0003055e      0x213 src/ASF/common/services/gfx_mono/gfx_mono_generic.o
                              0x2c5ad (size before relaxing)
 .debug_str     0x00030771      0x229 src/ASF/common/services/clock/xmega/sysclk.o
                              0x2ad2d (size before relaxing)
 .debug_str     0x0003099a      0x343 src/ASF/xmega/drivers/rtc32/rtc32.o
                              0x2b0f7 (size before relaxing)
 .debug_str     0x00030cdd      0x6e1 src/ASF/xmega/drivers/tc/tc.o
                              0x2b703 (size before relaxing)
 .debug_str     0x000313be      0x233 src/ASF/common/services/gfx_mono/gfx_mono_text.o
                              0x2c541 (size before relaxing)
 .debug_str     0x000315f1     0x10b0 src/ASF/common/services/gfx_mono/sysfont.o
                              0x2d39e (size before relaxing)
 .debug_str     0x000326a1       0x77 src/ASF/common/services/ioport/xmega/ioport_compat.o
                              0x28a2a (size before relaxing)
 .debug_str     0x00032718       0xf7 src/ASF/xmega/boards/xmega_a3bu_xplained/init.o
                              0x2a65b (size before relaxing)
 .debug_str     0x0003280f     0x119a src/main.o
                              0x2f9ab (size before relaxing)

.debug_loc      0x00000000     0x8b74
 *(.debug_loc)
 .debug_loc     0x00000000      0x7c9 src/ASF/common/components/display/st7565r/st7565r.o
 .debug_loc     0x000007c9     0x1382 src/ASF/common/services/gfx_mono/gfx_mono_c12832_a1z.o
 .debug_loc     0x00001b4b      0x2b3 src/ASF/xmega/drivers/adc/adc.o
 .debug_loc     0x00001dfe      0xd3c src/ASF/xmega/drivers/adc/xmega_aau/adc_aau.o
 .debug_loc     0x00002b3a      0xe14 src/ASF/xmega/drivers/usart/usart.o
 .debug_loc     0x0000394e      0x56c src/ASF/common/services/spi/xmega_usart_spi/usart_spi.o
 .debug_loc     0x00003eba      0x61c src/ASF/common/services/gfx_mono/gfx_mono_framebuffer.o
 .debug_loc     0x000044d6     0x11c5 src/ASF/common/services/gfx_mono/gfx_mono_generic.o
 .debug_loc     0x0000569b      0x2c5 src/ASF/common/services/clock/xmega/sysclk.o
 .debug_loc     0x00005960      0x1b6 src/ASF/xmega/drivers/rtc32/rtc32.o
 .debug_loc     0x00005b16     0x1df6 src/ASF/xmega/drivers/tc/tc.o
 .debug_loc     0x0000790c      0x9a2 src/ASF/common/services/gfx_mono/gfx_mono_text.o
 .debug_loc     0x000082ae       0x66 src/ASF/common/services/ioport/xmega/ioport_compat.o
 .debug_loc     0x00008314      0x3fa src/ASF/xmega/boards/xmega_a3bu_xplained/init.o
 .debug_loc     0x0000870e      0x466 src/main.o

.debug_macinfo
 *(.debug_macinfo)

.debug_weaknames
 *(.debug_weaknames)

.debug_funcnames
 *(.debug_funcnames)

.debug_typenames
 *(.debug_typenames)

.debug_varnames
 *(.debug_varnames)

.debug_pubtypes
 *(.debug_pubtypes)

.debug_ranges   0x00000000      0x688
 *(.debug_ranges)
 .debug_ranges  0x00000000       0x18 src/ASF/common/components/display/st7565r/st7565r.o
 .debug_ranges  0x00000018      0x188 src/ASF/common/services/gfx_mono/gfx_mono_c12832_a1z.o
 .debug_ranges  0x000001a0       0x38 src/ASF/xmega/drivers/adc/adc.o
 .debug_ranges  0x000001d8       0x68 src/ASF/xmega/drivers/adc/xmega_aau/adc_aau.o
 .debug_ranges  0x00000240       0x80 src/ASF/xmega/drivers/usart/usart.o
 .debug_ranges  0x000002c0       0x98 src/ASF/common/services/spi/xmega_usart_spi/usart_spi.o
 .debug_ranges  0x00000358       0x48 src/ASF/common/services/gfx_mono/gfx_mono_framebuffer.o
 .debug_ranges  0x000003a0       0x48 src/ASF/common/services/gfx_mono/gfx_mono_generic.o
 .debug_ranges  0x000003e8       0x30 src/ASF/common/services/clock/xmega/sysclk.o
 .debug_ranges  0x00000418       0x50 src/ASF/xmega/drivers/rtc32/rtc32.o
 .debug_ranges  0x00000468      0x168 src/ASF/xmega/drivers/tc/tc.o
 .debug_ranges  0x000005d0       0x30 src/ASF/common/services/gfx_mono/gfx_mono_text.o
 .debug_ranges  0x00000600       0x10 src/ASF/common/services/ioport/xmega/ioport_compat.o
 .debug_ranges  0x00000610       0x10 src/ASF/xmega/boards/xmega_a3bu_xplained/init.o
 .debug_ranges  0x00000620       0x68 src/main.o

.debug_macro    0x00000000     0xc8d2
 *(.debug_macro)
 .debug_macro   0x00000000      0x278 src/ASF/common/components/display/st7565r/st7565r.o
 .debug_macro   0x00000278      0xa9c src/ASF/common/components/display/st7565r/st7565r.o
 .debug_macro   0x00000d14       0x10 src/ASF/common/components/display/st7565r/st7565r.o
 .debug_macro   0x00000d24      0x1c9 src/ASF/common/components/display/st7565r/st7565r.o
 .debug_macro   0x00000eed      0x2fc src/ASF/common/components/display/st7565r/st7565r.o
 .debug_macro   0x000011e9       0x9e src/ASF/common/components/display/st7565r/st7565r.o
 .debug_macro   0x00001287     0x6271 src/ASF/common/components/display/st7565r/st7565r.o
 .debug_macro   0x000074f8       0x9a src/ASF/common/components/display/st7565r/st7565r.o
 .debug_macro   0x00007592       0xf1 src/ASF/common/components/display/st7565r/st7565r.o
 .debug_macro   0x00007683       0x34 src/ASF/common/components/display/st7565r/st7565r.o
 .debug_macro   0x000076b7       0x16 src/ASF/common/components/display/st7565r/st7565r.o
 .debug_macro   0x000076cd       0x18 src/ASF/common/components/display/st7565r/st7565r.o
 .debug_macro   0x000076e5       0x5e src/ASF/common/components/display/st7565r/st7565r.o
 .debug_macro   0x00007743       0x10 src/ASF/common/components/display/st7565r/st7565r.o
 .debug_macro   0x00007753       0x22 src/ASF/common/components/display/st7565r/st7565r.o
 .debug_macro   0x00007775      0x16d src/ASF/common/components/display/st7565r/st7565r.o
 .debug_macro   0x000078e2       0x1c src/ASF/common/components/display/st7565r/st7565r.o
 .debug_macro   0x000078fe       0x35 src/ASF/common/components/display/st7565r/st7565r.o
 .debug_macro   0x00007933       0x66 src/ASF/common/components/display/st7565r/st7565r.o
 .debug_macro   0x00007999      0x64b src/ASF/common/components/display/st7565r/st7565r.o
 .debug_macro   0x00007fe4       0x97 src/ASF/common/components/display/st7565r/st7565r.o
 .debug_macro   0x0000807b       0x17 src/ASF/common/components/display/st7565r/st7565r.o
 .debug_macro   0x00008092      0x250 src/ASF/common/components/display/st7565r/st7565r.o
 .debug_macro   0x000082e2       0x76 src/ASF/common/components/display/st7565r/st7565r.o
 .debug_macro   0x00008358       0x16 src/ASF/common/components/display/st7565r/st7565r.o
 .debug_macro   0x0000836e      0x6e3 src/ASF/common/components/display/st7565r/st7565r.o
 .debug_macro   0x00008a51       0x10 src/ASF/common/components/display/st7565r/st7565r.o
 .debug_macro   0x00008a61      0x175 src/ASF/common/components/display/st7565r/st7565r.o
 .debug_macro   0x00008bd6       0x40 src/ASF/common/components/display/st7565r/st7565r.o
 .debug_macro   0x00008c16       0x69 src/ASF/common/components/display/st7565r/st7565r.o
 .debug_macro   0x00008c7f       0x32 src/ASF/common/components/display/st7565r/st7565r.o
 .debug_macro   0x00008cb1       0xe4 src/ASF/common/components/display/st7565r/st7565r.o
 .debug_macro   0x00008d95       0x22 src/ASF/common/components/display/st7565r/st7565r.o
 .debug_macro   0x00008db7      0x2c6 src/ASF/common/components/display/st7565r/st7565r.o
 .debug_macro   0x0000907d      0x303 src/ASF/common/components/display/st7565r/st7565r.o
 .debug_macro   0x00009380       0x7d src/ASF/common/components/display/st7565r/st7565r.o
 .debug_macro   0x000093fd       0x2f src/ASF/common/components/display/st7565r/st7565r.o
 .debug_macro   0x0000942c      0x154 src/ASF/common/components/display/st7565r/st7565r.o
 .debug_macro   0x00009580       0x82 src/ASF/common/components/display/st7565r/st7565r.o
 .debug_macro   0x00009602      0x109 src/ASF/common/components/display/st7565r/st7565r.o
 .debug_macro   0x0000970b       0x28 src/ASF/common/components/display/st7565r/st7565r.o
 .debug_macro   0x00009733       0x23 src/ASF/common/components/display/st7565r/st7565r.o
 .debug_macro   0x00009756       0x3a src/ASF/common/components/display/st7565r/st7565r.o
 .debug_macro   0x00009790      0x100 src/ASF/common/components/display/st7565r/st7565r.o
 .debug_macro   0x00009890       0x34 src/ASF/common/components/display/st7565r/st7565r.o
 .debug_macro   0x000098c4       0x2e src/ASF/common/components/display/st7565r/st7565r.o
 .debug_macro   0x000098f2      0x2bc src/ASF/common/services/gfx_mono/gfx_mono_c12832_a1z.o
 .debug_macro   0x00009bae       0x7a src/ASF/common/services/gfx_mono/gfx_mono_c12832_a1z.o
 .debug_macro   0x00009c28       0x89 src/ASF/common/services/gfx_mono/gfx_mono_c12832_a1z.o
 .debug_macro   0x00009cb1      0x22f src/ASF/xmega/drivers/adc/adc.o
 .debug_macro   0x00009ee0       0x10 src/ASF/xmega/drivers/adc/adc.o
 .debug_macro   0x00009ef0       0x20 src/ASF/xmega/drivers/adc/adc.o
 .debug_macro   0x00009f10       0x10 src/ASF/xmega/drivers/adc/adc.o
 .debug_macro   0x00009f20       0x42 src/ASF/xmega/drivers/adc/adc.o
 .debug_macro   0x00009f62       0xe3 src/ASF/xmega/drivers/adc/adc.o
 .debug_macro   0x0000a045      0x22f src/ASF/xmega/drivers/adc/xmega_aau/adc_aau.o
 .debug_macro   0x0000a274      0x223 src/ASF/xmega/drivers/usart/usart.o
 .debug_macro   0x0000a497      0x302 src/ASF/xmega/drivers/usart/usart.o
 .debug_macro   0x0000a799      0x236 src/ASF/common/services/spi/xmega_usart_spi/usart_spi.o
 .debug_macro   0x0000a9cf      0x2b0 src/ASF/common/services/gfx_mono/gfx_mono_framebuffer.o
 .debug_macro   0x0000ac7f      0x2b0 src/ASF/common/services/gfx_mono/gfx_mono_generic.o
 .debug_macro   0x0000af2f      0x1db src/ASF/common/services/clock/xmega/sysclk.o
 .debug_macro   0x0000b10a       0x26 src/ASF/common/services/clock/xmega/sysclk.o
 .debug_macro   0x0000b130      0x215 src/ASF/xmega/drivers/rtc32/rtc32.o
 .debug_macro   0x0000b345       0x10 src/ASF/xmega/drivers/rtc32/rtc32.o
 .debug_macro   0x0000b355      0x225 src/ASF/xmega/drivers/tc/tc.o
 .debug_macro   0x0000b57a       0x12 src/ASF/xmega/drivers/tc/tc.o
 .debug_macro   0x0000b58c      0x2d7 src/ASF/common/services/gfx_mono/gfx_mono_text.o
 .debug_macro   0x0000b863       0xaa src/ASF/common/services/gfx_mono/gfx_mono_text.o
 .debug_macro   0x0000b90d      0x2dd src/ASF/common/services/gfx_mono/sysfont.o
 .debug_macro   0x0000bbea       0x3a src/ASF/common/services/gfx_mono/sysfont.o
 .debug_macro   0x0000bc24      0x195 src/ASF/common/services/ioport/xmega/ioport_compat.o
 .debug_macro   0x0000bdb9      0x1b7 src/ASF/xmega/boards/xmega_a3bu_xplained/init.o
 .debug_macro   0x0000bf70       0x2e src/ASF/xmega/boards/xmega_a3bu_xplained/init.o
 .debug_macro   0x0000bf9e      0x2c0 src/ASF/xmega/boards/xmega_a3bu_xplained/init.o
 .debug_macro   0x0000c25e      0x456 src/main.o
 .debug_macro   0x0000c6b4       0x34 src/main.o
 .debug_macro   0x0000c6e8       0x16 src/main.o
 .debug_macro   0x0000c6fe       0x46 src/main.o
 .debug_macro   0x0000c744       0x58 src/main.o
 .debug_macro   0x0000c79c       0x10 src/main.o
 .debug_macro   0x0000c7ac       0xf2 src/main.o
 .debug_macro   0x0000c89e       0x18 src/main.o
 .debug_macro   0x0000c8b6       0x1c src/main.o
OUTPUT(vertical_farming.elf elf32-avr)
LOAD linker stubs

.BOOT           0x00040000        0x0
