Archive member included to satisfy reference by file (symbol)

c:/program files (x86)/atmel/studio/7.0/toolchain/avr8/avr8-gnu-toolchain/bin/../lib/gcc/avr/5.4.0/../../../../avr/lib/avrxmega6\libm.a(addsf3.o)
                              src/main.o (__subsf3)
c:/program files (x86)/atmel/studio/7.0/toolchain/avr8/avr8-gnu-toolchain/bin/../lib/gcc/avr/5.4.0/../../../../avr/lib/avrxmega6\libm.a(addsf3x.o)
                              c:/program files (x86)/atmel/studio/7.0/toolchain/avr8/avr8-gnu-toolchain/bin/../lib/gcc/avr/5.4.0/../../../../avr/lib/avrxmega6\libm.a(addsf3.o) (__addsf3x)
c:/program files (x86)/atmel/studio/7.0/toolchain/avr8/avr8-gnu-toolchain/bin/../lib/gcc/avr/5.4.0/../../../../avr/lib/avrxmega6\libm.a(divsf3.o)
                              src/main.o (__divsf3)
c:/program files (x86)/atmel/studio/7.0/toolchain/avr8/avr8-gnu-toolchain/bin/../lib/gcc/avr/5.4.0/../../../../avr/lib/avrxmega6\libm.a(divsf3x.o)
                              c:/program files (x86)/atmel/studio/7.0/toolchain/avr8/avr8-gnu-toolchain/bin/../lib/gcc/avr/5.4.0/../../../../avr/lib/avrxmega6\libm.a(divsf3.o) (__divsf3x)
c:/program files (x86)/atmel/studio/7.0/toolchain/avr8/avr8-gnu-toolchain/bin/../lib/gcc/avr/5.4.0/../../../../avr/lib/avrxmega6\libm.a(fixsfsi.o)
                              src/adc_sensors.o (__fixsfsi)
c:/program files (x86)/atmel/studio/7.0/toolchain/avr8/avr8-gnu-toolchain/bin/../lib/gcc/avr/5.4.0/../../../../avr/lib/avrxmega6\libm.a(fixunssfsi.o)
                              c:/program files (x86)/atmel/studio/7.0/toolchain/avr8/avr8-gnu-toolchain/bin/../lib/gcc/avr/5.4.0/../../../../avr/lib/avrxmega6\libm.a(fixsfsi.o) (__fixunssfsi)
c:/program files (x86)/atmel/studio/7.0/toolchain/avr8/avr8-gnu-toolchain/bin/../lib/gcc/avr/5.4.0/../../../../avr/lib/avrxmega6\libm.a(floatsisf.o)
                              src/adc_sensors.o (__floatunsisf)
c:/program files (x86)/atmel/studio/7.0/toolchain/avr8/avr8-gnu-toolchain/bin/../lib/gcc/avr/5.4.0/../../../../avr/lib/avrxmega6\libm.a(fp_inf.o)
                              c:/program files (x86)/atmel/studio/7.0/toolchain/avr8/avr8-gnu-toolchain/bin/../lib/gcc/avr/5.4.0/../../../../avr/lib/avrxmega6\libm.a(addsf3x.o) (__fp_inf)
c:/program files (x86)/atmel/studio/7.0/toolchain/avr8/avr8-gnu-toolchain/bin/../lib/gcc/avr/5.4.0/../../../../avr/lib/avrxmega6\libm.a(fp_nan.o)
                              c:/program files (x86)/atmel/studio/7.0/toolchain/avr8/avr8-gnu-toolchain/bin/../lib/gcc/avr/5.4.0/../../../../avr/lib/avrxmega6\libm.a(addsf3x.o) (__fp_nan)
c:/program files (x86)/atmel/studio/7.0/toolchain/avr8/avr8-gnu-toolchain/bin/../lib/gcc/avr/5.4.0/../../../../avr/lib/avrxmega6\libm.a(fp_pscA.o)
                              c:/program files (x86)/atmel/studio/7.0/toolchain/avr8/avr8-gnu-toolchain/bin/../lib/gcc/avr/5.4.0/../../../../avr/lib/avrxmega6\libm.a(addsf3x.o) (__fp_pscA)
c:/program files (x86)/atmel/studio/7.0/toolchain/avr8/avr8-gnu-toolchain/bin/../lib/gcc/avr/5.4.0/../../../../avr/lib/avrxmega6\libm.a(fp_pscB.o)
                              c:/program files (x86)/atmel/studio/7.0/toolchain/avr8/avr8-gnu-toolchain/bin/../lib/gcc/avr/5.4.0/../../../../avr/lib/avrxmega6\libm.a(addsf3x.o) (__fp_pscB)
c:/program files (x86)/atmel/studio/7.0/toolchain/avr8/avr8-gnu-toolchain/bin/../lib/gcc/avr/5.4.0/../../../../avr/lib/avrxmega6\libm.a(fp_round.o)
                              c:/program files (x86)/atmel/studio/7.0/toolchain/avr8/avr8-gnu-toolchain/bin/../lib/gcc/avr/5.4.0/../../../../avr/lib/avrxmega6\libm.a(addsf3.o) (__fp_round)
c:/program files (x86)/atmel/studio/7.0/toolchain/avr8/avr8-gnu-toolchain/bin/../lib/gcc/avr/5.4.0/../../../../avr/lib/avrxmega6\libm.a(fp_split3.o)
                              c:/program files (x86)/atmel/studio/7.0/toolchain/avr8/avr8-gnu-toolchain/bin/../lib/gcc/avr/5.4.0/../../../../avr/lib/avrxmega6\libm.a(addsf3x.o) (__fp_split3)
c:/program files (x86)/atmel/studio/7.0/toolchain/avr8/avr8-gnu-toolchain/bin/../lib/gcc/avr/5.4.0/../../../../avr/lib/avrxmega6\libm.a(fp_zero.o)
                              c:/program files (x86)/atmel/studio/7.0/toolchain/avr8/avr8-gnu-toolchain/bin/../lib/gcc/avr/5.4.0/../../../../avr/lib/avrxmega6\libm.a(addsf3x.o) (__fp_zero)
c:/program files (x86)/atmel/studio/7.0/toolchain/avr8/avr8-gnu-toolchain/bin/../lib/gcc/avr/5.4.0/../../../../avr/lib/avrxmega6\libm.a(mulsf3.o)
                              src/adc_sensors.o (__mulsf3)
c:/program files (x86)/atmel/studio/7.0/toolchain/avr8/avr8-gnu-toolchain/bin/../lib/gcc/avr/5.4.0/../../../../avr/lib/avrxmega6\libm.a(mulsf3x.o)
                              c:/program files (x86)/atmel/studio/7.0/toolchain/avr8/avr8-gnu-toolchain/bin/../lib/gcc/avr/5.4.0/../../../../avr/lib/avrxmega6\libm.a(mulsf3.o) (__mulsf3x)
c:/program files (x86)/atmel/studio/7.0/toolchain/avr8/avr8-gnu-toolchain/bin/../lib/gcc/avr/5.4.0/avrxmega6\libgcc.a(_udivmodsi4.o)
[...]
Memory Configuration

Name             Origin             Length             Attributes
text             0x00000000         0x00100000         xr
data             0x00802000         0x0000ffa0         rw !x
eeprom           0x00810000         0x00010000         rw !x
fuse             0x00820000         0x00000006         rw !x
lock             0x00830000         0x00000400         rw !x
signature        0x00840000         0x00000400         rw !x
user_signatures  0x00850000         0x00000400         rw !x
*default*        0x00000000         0xffffffff

Linker script and memory map

LOAD C:/Program Files (x86)/Atmel/Studio/7.0/Packs/atmel/XMEGAA_DFP/1.1.68/gcc/dev/atxmega256a3bu/avrxmega6/crtatxmega256a3bu.o
LOAD src/adc_sensors.o
LOAD src/ASF/common/components/display/st7565r/st7565r.o
LOAD src/ASF/common/services/clock/xmega/sysclk.o
LOAD src/ASF/common/services/gfx_mono/gfx_mono_c12832_a1z.o
LOAD src/ASF/common/services/gfx_mono/gfx_mono_framebuffer.o
LOAD src/ASF/common/services/gfx_mono/gfx_mono_generic.o
LOAD src/ASF/common/services/gfx_mono/gfx_mono_text.o
LOAD src/ASF/common/services/gfx_mono/sysfont.o
LOAD src/ASF/common/services/sleepmgr/xmega/sleepmgr.o
LOAD src/ASF/common/services/spi/xmega_spi/spi_master.o
LOAD src/ASF/common/services/spi/xmega_usart_spi/usart_spi.o
LOAD src/ASF/xmega/drivers/adc/adc.o
LOAD src/ASF/xmega/drivers/adc/xmega_aau/adc_aau.o
LOAD src/ASF/xmega/drivers/cpu/ccp.o
LOAD src/ASF/xmega/drivers/nvm/nvm.o
LOAD src/ASF/xmega/drivers/nvm/nvm_asm.o
LOAD src/ASF/xmega/drivers/spi/spi.o
LOAD src/ASF/xmega/drivers/usart/usart.o
LOAD src/FreeRTOS/croutine.o
LOAD src/FreeRTOS/event_groups.o
LOAD src/FreeRTOS/list.o
LOAD src/FreeRTOS/portable/GCC/ATXmega256A3BU/port.o
LOAD src/FreeRTOS/portable/MemMang/heap_3.o
LOAD src/FreeRTOS/queue.o
LOAD src/FreeRTOS/tasks.o
LOAD src/FreeRTOS/timers.o
LOAD src/ASF/common/services/ioport/xmega/ioport_compat.o
LOAD src/ASF/xmega/boards/xmega_a3bu_xplained/init.o
LOAD src/main.o
START GROUP
LOAD c:/program files (x86)/atmel/studio/7.0/toolchain/avr8/avr8-gnu-toolchain/bin/../lib/gcc/avr/5.4.0/../../../../avr/lib/avrxmega6\libm.a
END GROUP
Address of section .BOOT set to 0x40000
START GROUP
LOAD c:/program files (x86)/atmel/studio/7.0/toolchain/avr8/avr8-gnu-toolchain/bin/../lib/gcc/avr/5.4.0/avrxmega6\libgcc.a
LOAD c:/program files (x86)/atmel/studio/7.0/toolchain/avr8/avr8-gnu-toolchain/bin/../lib/gcc/avr/5.4.0/../../../../avr/lib/avrxmega6\libm.a
LOAD c:/program files (x86)/atmel/studio/7.0/toolchain/avr8/avr8-gnu-toolchain/bin/../lib/gcc/avr/5.4.0/../../../../avr/lib/avrxmega6\libc.a
LOAD C:/Program Files (x86)/Atmel/Studio/7.0/Packs/atmel/XMEGAA_DFP/1.1.68/gcc/dev/atxmega256a3bu/avrxmega6\libatxmega256a3bu.a
END GROUP
                0x00100000                __TEXT_REGION_LENGTH__ = DEFINED (__TEXT_REGION_LENGTH__)?__TEXT_REGION_LENGTH__:0x100000
                0x0000ffa0                __DATA_REGION_LENGTH__ = DEFINED (__DATA_REGION_LENGTH__)?__DATA_REGION_LENGTH__:0xffa0
                0x00010000                __EEPROM_REGION_LENGTH__ = DEFINED (__EEPROM_REGION_LENGTH__)?__EEPROM_REGION_LENGTH__:0x10000
                [0x00000006]                __FUSE_REGION_LENGTH__ = DEFINED (__FUSE_REGION_LENGTH__)?__FUSE_REGION_LENGTH__:0x400
                0x00000400                __LOCK_REGION_LENGTH__ = DEFINED (__LOCK_REGION_LENGTH__)?__LOCK_REGION_LENGTH__:0x400
                0x00000400                __SIGNATURE_REGION_LENGTH__ = DEFINED (__SIGNATURE_REGION_LENGTH__)?__SIGNATURE_REGION_LENGTH__:0x400
                0x00000400                __USER_SIGNATURE_REGION_LENGTH__ = DEFINED (__USER_SIGNATURE_REGION_LENGTH__)?__USER_SIGNATURE_REGION_LENGTH__:0x400

.hash
 *(.hash)

.dynsym
 *(.dynsym)

.dynstr
 *(.dynstr)

.gnu.version
 *(.gnu.version)

.gnu.version_d
 *(.gnu.version_d)

.gnu.version_r
 *(.gnu.version_r)

.rel.init
 *(.rel.init)

.rela.init
 *(.rela.init)

.rel.text
 *(.rel.text)
 *(.rel.text.*)
 *(.rel.gnu.linkonce.t*)

.rela.text
 *(.rela.text)
 *(.rela.text.*)
 *(.rela.gnu.linkonce.t*)

.rel.fini
 *(.rel.fini)

.rela.fini
 *(.rela.fini)

.rel.rodata
 *(.rel.rodata)
 *(.rel.rodata.*)
 *(.rel.gnu.linkonce.r*)

.rela.rodata
 *(.rela.rodata)
 *(.rela.rodata.*)
 *(.rela.gnu.linkonce.r*)

.rel.data
 *(.rel.data)
 *(.rel.data.*)
 *(.rel.gnu.linkonce.d*)

.rela.data
 *(.rela.data)
 *(.rela.data.*)
 *(.rela.gnu.linkonce.d*)

.rel.ctors
 *(.rel.ctors)

.rela.ctors
 *(.rela.ctors)

.rel.dtors
 *(.rel.dtors)

.rela.dtors
 *(.rela.dtors)

.rel.got
 *(.rel.got)

.rela.got
 *(.rela.got)

.rel.bss
 *(.rel.bss)

.rela.bss
 *(.rela.bss)

.rel.plt
 *(.rel.plt)

.rela.plt
 *(.rela.plt)

.text           0x00000000     0x3fde
 *(.vectors)
 .vectors       0x00000000      0x1fc C:/Program Files (x86)/Atmel/Studio/7.0/Packs/atmel/XMEGAA_DFP/1.1.68/gcc/dev/atxmega256a3bu/avrxmega6/crtatxmega256a3bu.o
                0x00000000                __vector_default
                0x00000000                __vectors
 *(.vectors)
 *(.progmem.gcc*)
 .progmem.gcc_sw_table.prvTimerTask
                0x000001fc       0x14 src/FreeRTOS/timers.o
                0x00000210                . = ALIGN (0x2)
                0x00000210                __trampolines_start = .
 *(.trampolines)
 .trampolines   0x00000210        0x0 linker stubs
 *(.trampolines*)
                0x00000210                __trampolines_end = .
 *libprintf_flt.a:*(.progmem.data)
 *libc.a:*(.progmem.data)
 *(.progmem*)
 .progmem.data.sysfont_glyphs
                0x00000210      0x292 src/ASF/common/services/gfx_mono/sysfont.o
                0x000004a2                . = ALIGN (0x2)
 *(.jumptables)
 *(.jumptables*)
 *(.lowtext)
 *(.lowtext*)
                0x000004a2                __ctors_start = .
 *(.ctors)
                0x000004a2                __ctors_end = .
                0x000004a2                __dtors_start = .
 *(.dtors)
                0x000004a2                __dtors_end = .
 SORT(*)(.ctors)
 SORT(*)(.dtors)
 *(.init0)
 .init0         0x000004a2        0x0 C:/Program Files (x86)/Atmel/Studio/7.0/Packs/atmel/XMEGAA_DFP/1.1.68/gcc/dev/atxmega256a3bu/avrxmega6/crtatxmega256a3bu.o
                0x000004a2                __init
 *(.init0)
 *(.init1)
 *(.init1)
 *(.init2)
 .init2         0x000004a2       0x10 C:/Program Files (x86)/Atmel/Studio/7.0/Packs/atmel/XMEGAA_DFP/1.1.68/gcc/dev/atxmega256a3bu/avrxmega6/crtatxmega256a3bu.o
 *(.init2)
 *(.init3)
 *(.init3)
 *(.init4)
 .init4         0x000004b2       0x1a c:/program files (x86)/atmel/studio/7.0/toolchain/avr8/avr8-gnu-toolchain/bin/../lib/gcc/avr/5.4.0/avrxmega6\libgcc.a(_copy_data.o)
                0x000004b2                __do_copy_data
 .init4         0x000004cc       0x10 c:/program files (x86)/atmel/studio/7.0/toolchain/avr8/avr8-gnu-toolchain/bin/../lib/gcc/avr/5.4.0/avrxmega6\libgcc.a(_clear_bss.o)
                0x000004cc                __do_clear_bss
 *(.init4)
 *(.init5)
 *(.init5)
 *(.init6)
 *(.init6)
 *(.init7)
 *(.init7)
 *(.init8)
 *(.init8)
 *(.init9)
 .init9         0x000004dc        0x8 C:/Program Files (x86)/Atmel/Studio/7.0/Packs/atmel/XMEGAA_DFP/1.1.68/gcc/dev/atxmega256a3bu/avrxmega6/crtatxmega256a3bu.o
 *(.init9)
 *(.text)
 .text          0x000004e4        0x2 C:/Program Files (x86)/Atmel/Studio/7.0/Packs/atmel/XMEGAA_DFP/1.1.68/gcc/dev/atxmega256a3bu/avrxmega6/crtatxmega256a3bu.o
                0x000004e4                __vector_38
                0x000004e4                __vector_104
                0x000004e4                __vector_22
                0x000004e4                __vector_63
                0x000004e4                __vector_28
                0x000004e4                __vector_67
                0x000004e4                __vector_1
                0x000004e4                __vector_119
                0x000004e4                __vector_32
                0x000004e4                __vector_75
                0x000004e4                __vector_91
                0x000004e4                __vector_34
                0x000004e4                __vector_62
                0x000004e4                __vector_77
                0x000004e4                __vector_102
                0x000004e4                __vector_24
                0x000004e4                __vector_12
                0x000004e4                __vector_55
                0x000004e4                __vector_69
                0x000004e4                __vector_81
                0x000004e4                __vector_90
                0x000004e4                __vector_46
                0x000004e4                __bad_interrupt
                0x000004e4                __vector_122
                0x000004e4                __vector_114
                0x000004e4                __vector_6
                0x000004e4                __vector_110
                0x000004e4                __vector_31
                0x000004e4                __vector_92
                0x000004e4                __vector_35
                0x000004e4                __vector_78
                0x000004e4                __vector_117
                0x000004e4                __vector_107
                0x000004e4                __vector_3
                0x000004e4                __vector_105
                0x000004e4                __vector_98
                0x000004e4                __vector_23
                0x000004e4                __vector_68
                0x000004e4                __vector_30
                0x000004e4                __vector_45
                0x000004e4                __vector_25
                0x000004e4                __vector_93
                0x000004e4                __vector_61
                0x000004e4                __vector_11
                0x000004e4                __vector_54
                0x000004e4                __vector_99
                0x000004e4                __vector_13
                0x000004e4                __vector_17
                0x000004e4                __vector_19
                0x000004e4                __vector_56
                0x000004e4                __vector_7
                0x000004e4                __vector_125
                0x000004e4                __vector_49
                0x000004e4                __vector_123
                0x000004e4                __vector_86
                0x000004e4                __vector_100
                0x000004e4                __vector_101
                0x000004e4                __vector_64
                0x000004e4                __vector_88
                0x000004e4                __vector_109
                0x000004e4                __vector_43
                0x000004e4                __vector_27
                0x000004e4                __vector_5
                0x000004e4                __vector_113
                0x000004e4                __vector_33
                0x000004e4                __vector_76
                0x000004e4                __vector_115
                0x000004e4                __vector_47
                0x000004e4                __vector_52
                0x000004e4                __vector_37
                0x000004e4                __vector_95
                0x000004e4                __vector_103
                0x000004e4                __vector_96
                0x000004e4                __vector_89
                0x000004e4                __vector_108
                0x000004e4                __vector_4
                0x000004e4                __vector_44
                0x000004e4                __vector_82
                0x000004e4                __vector_106
                0x000004e4                __vector_118
                0x000004e4                __vector_51
                0x000004e4                __vector_9
                0x000004e4                __vector_2
                0x000004e4                __vector_21
                0x000004e4                __vector_15
                0x000004e4                __vector_66
                0x000004e4                __vector_36
                0x000004e4                __vector_79
                0x000004e4                __vector_58
                0x000004e4                __vector_70
                0x000004e4                __vector_83
                0x000004e4                __vector_29
                0x000004e4                __vector_60
                0x000004e4                __vector_121
                0x000004e4                __vector_85
                0x000004e4                __vector_94
                0x000004e4                __vector_126
                0x000004e4                __vector_8
                0x000004e4                __vector_26
                0x000004e4                __vector_48
                0x000004e4                __vector_124
                0x000004e4                __vector_116
                0x000004e4                __vector_112
                0x000004e4                __vector_111
                0x000004e4                __vector_80
                0x000004e4                __vector_84
                0x000004e4                __vector_57
                0x000004e4                __vector_53
                0x000004e4                __vector_10
                0x000004e4                __vector_50
                0x000004e4                __vector_16
                0x000004e4                __vector_59
                0x000004e4                __vector_18
                0x000004e4                __vector_97
                0x000004e4                __vector_20
                0x000004e4                __vector_87
                0x000004e4                __vector_65
                0x000004e4                __vector_120
                0x000004e6                . = ALIGN (0x2)
 *(.text.*)
 .text.ntc_data_is_ready
                0x000004e6       0x18 src/adc_sensors.o
                0x000004e6                ntc_data_is_ready
 .text.lightsensor_data_is_ready
                0x000004fe       0x18 src/adc_sensors.o
                0x000004fe                lightsensor_data_is_ready
 .text.ntc_get_temperature
                0x00000516       0x60 src/adc_sensors.o
                0x00000516                ntc_get_temperature
 .text.lightsensor_get_raw_value
                0x00000576        0xa src/adc_sensors.o
                0x00000576                lightsensor_get_raw_value
 .text.__portable_avr_delay_cycles
                0x00000580        0xc src/ASF/common/components/display/st7565r/st7565r.o
 .text.st7565r_init
                0x0000058c      0x388 src/ASF/common/components/display/st7565r/st7565r.o
                0x0000058c                st7565r_init
 .text.sysclk_enable_module
                0x00000914       0x18 src/ASF/common/services/clock/xmega/sysclk.o
                0x00000914                sysclk_enable_module
 .text.sysclk_disable_module
                0x0000092c       0x16 src/ASF/common/services/clock/xmega/sysclk.o
                0x0000092c                sysclk_disable_module
 .text.gfx_mono_st7565r_put_byte
                0x00000942      0x14e src/ASF/common/services/gfx_mono/gfx_mono_c12832_a1z.o
                0x00000942                gfx_mono_st7565r_put_byte
 .text.gfx_mono_st7565r_init
                0x00000a90       0x84 src/ASF/common/services/gfx_mono/gfx_mono_c12832_a1z.o
                0x00000a90                gfx_mono_st7565r_init
 .text.gfx_mono_st7565r_draw_pixel
                0x00000b14       0x6c src/ASF/common/services/gfx_mono/gfx_mono_c12832_a1z.o
                0x00000b14                gfx_mono_st7565r_draw_pixel
 .text.gfx_mono_st7565r_get_byte
                0x00000b80        0x4 src/ASF/common/services/gfx_mono/gfx_mono_c12832_a1z.o
                0x00000b80                gfx_mono_st7565r_get_byte
 .text.gfx_mono_set_framebuffer
                0x00000b84        0xa src/ASF/common/services/gfx_mono/gfx_mono_framebuffer.o
                0x00000b84                gfx_mono_set_framebuffer
 .text.gfx_mono_framebuffer_put_byte
                0x00000b8e       0x1c src/ASF/common/services/gfx_mono/gfx_mono_framebuffer.o
                0x00000b8e                gfx_mono_framebuffer_put_byte
 .text.gfx_mono_framebuffer_get_byte
                0x00000baa       0x1c src/ASF/common/services/gfx_mono/gfx_mono_framebuffer.o
                0x00000baa                gfx_mono_framebuffer_get_byte
 .text.gfx_mono_generic_draw_horizontal_line
                0x00000bc6       0xc4 src/ASF/common/services/gfx_mono/gfx_mono_generic.o
                0x00000bc6                gfx_mono_generic_draw_horizontal_line
 .text.gfx_mono_generic_draw_filled_rect
                0x00000c8a       0x34 src/ASF/common/services/gfx_mono/gfx_mono_generic.o
                0x00000c8a                gfx_mono_generic_draw_filled_rect
 .text.gfx_mono_draw_char
                0x00000cbe       0xba src/ASF/common/services/gfx_mono/gfx_mono_text.o
                0x00000cbe                gfx_mono_draw_char
 .text.gfx_mono_draw_string
                0x00000d78       0x52 src/ASF/common/services/gfx_mono/gfx_mono_text.o
                0x00000d78                gfx_mono_draw_string
 .text.usart_spi_init
                0x00000dca       0x5e src/ASF/common/services/spi/xmega_usart_spi/usart_spi.o
                0x00000dca                usart_spi_init
 .text.usart_spi_setup_device
                0x00000e28       0x34 src/ASF/common/services/spi/xmega_usart_spi/usart_spi.o
                0x00000e28                usart_spi_setup_device
 .text.usart_spi_select_device
                0x00000e5c       0x2c src/ASF/common/services/spi/xmega_usart_spi/usart_spi.o
                0x00000e5c                usart_spi_select_device
 .text.usart_spi_deselect_device
                0x00000e88       0x2c src/ASF/common/services/spi/xmega_usart_spi/usart_spi.o
                0x00000e88                usart_spi_deselect_device
 .text.adc_enable_clock
                0x00000eb4       0x3e src/ASF/xmega/drivers/adc/adc.o
                0x00000eb4                adc_enable_clock
 .text.adc_disable_clock
                0x00000ef2       0x3a src/ASF/xmega/drivers/adc/adc.o
                0x00000ef2                adc_disable_clock
 .text.adc_enable
                0x00000f2c       0x2e src/ASF/xmega/drivers/adc/adc.o
                0x00000f2c                adc_enable
 .text.__vector_71
                0x00000f5a       0x64 src/ASF/xmega/drivers/adc/xmega_aau/adc_aau.o
                0x00000f5a                __vector_71
 .text.__vector_72
                0x00000fbe       0x64 src/ASF/xmega/drivers/adc/xmega_aau/adc_aau.o
                0x00000fbe                __vector_72
 .text.__vector_73
                0x00001022       0x64 src/ASF/xmega/drivers/adc/xmega_aau/adc_aau.o
                0x00001022                __vector_73
 .text.__vector_74
                0x00001086       0x64 src/ASF/xmega/drivers/adc/xmega_aau/adc_aau.o
                0x00001086                __vector_74
 .text.__vector_39
                0x000010ea       0x64 src/ASF/xmega/drivers/adc/xmega_aau/adc_aau.o
                0x000010ea                __vector_39
 .text.__vector_40
                0x0000114e       0x64 src/ASF/xmega/drivers/adc/xmega_aau/adc_aau.o
                0x0000114e                __vector_40
 .text.__vector_41
                0x000011b2       0x64 src/ASF/xmega/drivers/adc/xmega_aau/adc_aau.o
                0x000011b2                __vector_41
 .text.__vector_42
                0x00001216       0x64 src/ASF/xmega/drivers/adc/xmega_aau/adc_aau.o
                0x00001216                __vector_42
 .text.adc_write_configuration
                0x0000127a       0xa0 src/ASF/xmega/drivers/adc/xmega_aau/adc_aau.o
                0x0000127a                adc_write_configuration
 .text.adc_read_configuration
                0x0000131a       0x46 src/ASF/xmega/drivers/adc/xmega_aau/adc_aau.o
                0x0000131a                adc_read_configuration
 .text.adcch_write_configuration
                0x00001360       0x72 src/ASF/xmega/drivers/adc/xmega_aau/adc_aau.o
                0x00001360                adcch_write_configuration
 .text.adcch_read_configuration
                0x000013d2       0x72 src/ASF/xmega/drivers/adc/xmega_aau/adc_aau.o
                0x000013d2                adcch_read_configuration
 .text.nvm_read_byte
                0x00001444       0x14 src/ASF/xmega/drivers/nvm/nvm_asm.o
                0x00001444                nvm_read_byte
 .text.usart_spi_set_baudrate
                0x00001458       0x64 src/ASF/xmega/drivers/usart/usart.o
                0x00001458                usart_spi_set_baudrate
 .text.usart_init_spi
                0x000014bc      0x33a src/ASF/xmega/drivers/usart/usart.o
                0x000014bc                usart_init_spi
 .text.vListInitialise
                0x000017f6       0x1c src/FreeRTOS/list.o
                0x000017f6                vListInitialise
 .text.vListInitialiseItem
                0x00001812        0x8 src/FreeRTOS/list.o
                0x00001812                vListInitialiseItem
 .text.vListInsertEnd
                0x0000181a       0x42 src/FreeRTOS/list.o
                0x0000181a                vListInsertEnd
 .text.vListInsert
                0x0000185c       0x62 src/FreeRTOS/list.o
                0x0000185c                vListInsert
 .text.uxListRemove
                0x000018be       0x4c src/FreeRTOS/list.o
                0x000018be                uxListRemove
 .text.pxPortInitialiseStack
                0x0000190a       0xee src/FreeRTOS/portable/GCC/ATXmega256A3BU/port.o
                0x0000190a                pxPortInitialiseStack
 .text.xPortStartScheduler
                0x000019f8       0x8a src/FreeRTOS/portable/GCC/ATXmega256A3BU/port.o
                0x000019f8                xPortStartScheduler
 .text.vPortYield
                0x00001a82       0xb0 src/FreeRTOS/portable/GCC/ATXmega256A3BU/port.o
                0x00001a82                vPortYield
 .text.__vector_14
                0x00001b32       0xb4 src/FreeRTOS/portable/GCC/ATXmega256A3BU/port.o
                0x00001b32                __vector_14
 .text.pvPortMalloc
                0x00001be6       0x1a src/FreeRTOS/portable/MemMang/heap_3.o
                0x00001be6                pvPortMalloc
 .text.vPortFree
                0x00001c00       0x1a src/FreeRTOS/portable/MemMang/heap_3.o
                0x00001c00                vPortFree
 .text.prvCopyDataToQueue
                0x00001c1a       0x96 src/FreeRTOS/queue.o
 .text.prvCopyDataFromQueue
                0x00001cb0       0x34 src/FreeRTOS/queue.o
 .text.prvUnlockQueue
                0x00001ce4       0x90 src/FreeRTOS/queue.o
 .text.xQueueGenericReset
                0x00001d74       0x72 src/FreeRTOS/queue.o
                0x00001d74                xQueueGenericReset
 .text.xQueueGenericCreate
                0x00001de6       0x52 src/FreeRTOS/queue.o
                0x00001de6                xQueueGenericCreate
 .text.xQueueGenericSend
                0x00001e38      0x11a src/FreeRTOS/queue.o
                0x00001e38                xQueueGenericSend
 .text.xQueueGenericSendFromISR
                0x00001f52       0x6c src/FreeRTOS/queue.o
                0x00001f52                xQueueGenericSendFromISR
 .text.xQueueGenericReceive
                0x00001fbe      0x12e src/FreeRTOS/queue.o
                0x00001fbe                xQueueGenericReceive
 .text.vQueueWaitForMessageRestricted
                0x000020ec       0x36 src/FreeRTOS/queue.o
                0x000020ec                vQueueWaitForMessageRestricted
 .text.prvIdleTask
                0x00002122        0xe src/FreeRTOS/tasks.o
 .text.prvAddCurrentTaskToDelayedList
                0x00002130       0x6a src/FreeRTOS/tasks.o
 .text.xTaskGenericCreate
                0x0000219a      0x202 src/FreeRTOS/tasks.o
                0x0000219a                xTaskGenericCreate
 .text.vTaskStartScheduler
                0x0000239c       0x66 src/FreeRTOS/tasks.o
                0x0000239c                vTaskStartScheduler
 .text.vTaskSuspendAll
                0x00002402        0xc src/FreeRTOS/tasks.o
                0x00002402                vTaskSuspendAll
 .text.xTaskGetTickCount
                0x0000240e       0x14 src/FreeRTOS/tasks.o
                0x0000240e                xTaskGetTickCount
 .text.xTaskIncrementTick
                0x00002422      0x1a6 src/FreeRTOS/tasks.o
                0x00002422                xTaskIncrementTick
 .text.xTaskResumeAll
                0x000025c8       0xfa src/FreeRTOS/tasks.o
                0x000025c8                xTaskResumeAll
 .text.vTaskDelay
                0x000026c2       0x36 src/FreeRTOS/tasks.o
                0x000026c2                vTaskDelay
 .text.vTaskSwitchContext
                0x000026f8       0xda src/FreeRTOS/tasks.o
                0x000026f8                vTaskSwitchContext
 .text.vTaskPlaceOnEventList
                0x000027d2       0x34 src/FreeRTOS/tasks.o
                0x000027d2                vTaskPlaceOnEventList
 .text.vTaskPlaceOnEventListRestricted
                0x00002806       0x34 src/FreeRTOS/tasks.o
                0x00002806                vTaskPlaceOnEventListRestricted
 .text.xTaskRemoveFromEventList
                0x0000283a       0x8c src/FreeRTOS/tasks.o
                0x0000283a                xTaskRemoveFromEventList
 .text.vTaskSetTimeOutState
                0x000028c6       0x16 src/FreeRTOS/tasks.o
                0x000028c6                vTaskSetTimeOutState
 .text.xTaskCheckForTimeOut
                0x000028dc       0x62 src/FreeRTOS/tasks.o
                0x000028dc                xTaskCheckForTimeOut
 .text.vTaskMissedYield
                0x0000293e        0x8 src/FreeRTOS/tasks.o
                0x0000293e                vTaskMissedYield
 .text.xTaskGetSchedulerState
                0x00002946       0x1c src/FreeRTOS/tasks.o
                0x00002946                xTaskGetSchedulerState
 .text.prvInsertTimerInActiveList
                0x00002962       0x5e src/FreeRTOS/timers.o
 .text.prvCheckForValidListAndQueue
                0x000029c0       0x50 src/FreeRTOS/timers.o
 .text.xTimerCreateTimerTask
                0x00002a10       0x50 src/FreeRTOS/timers.o
                0x00002a10                xTimerCreateTimerTask
 .text.xTimerCreate
                0x00002a60       0x6c src/FreeRTOS/timers.o
                0x00002a60                xTimerCreate
 .text.xTimerGenericCommand
                0x00002acc       0x84 src/FreeRTOS/timers.o
                0x00002acc                xTimerGenericCommand
 .text.prvSampleTimeNow
                0x00002b50       0xdc src/FreeRTOS/timers.o
 .text.prvTimerTask
                0x00002c2c      0x1b6 src/FreeRTOS/timers.o
 .text.ioport_configure_port_pin
                0x00002de2       0x4e src/ASF/common/services/ioport/xmega/ioport_compat.o
                0x00002de2                ioport_configure_port_pin
 .text.board_init
                0x00002e30      0x13a src/ASF/xmega/boards/xmega_a3bu_xplained/init.o
                0x00002e30                board_init
 .text.vTimerCallback
                0x00002f6a       0x28 src/main.o
                0x00002f6a                vTimerCallback
 .text.testLamp
                0x00002f92       0x1a src/main.o
 .text.testMoisture
                0x00002fac       0x64 src/main.o
 .text.testTempS
                0x00003010       0x42 src/main.o
 .text.testLightS
                0x00003052       0x9c src/main.o
 .text.testLCD  0x000030ee       0xba src/main.o
 .text.main     0x000031a8      0x1f2 src/main.o
                0x000031a8                main
 .text.avr-libc.fplib
                0x0000339a        0xa c:/program files (x86)/atmel/studio/7.0/toolchain/avr8/avr8-gnu-toolchain/bin/../lib/gcc/avr/5.4.0/../../../../avr/lib/avrxmega6\libm.a(addsf3.o)
                0x0000339a                __subsf3
                0x0000339c                __addsf3
 .text.avr-libc.fplib
                0x000033a4       0xc0 c:/program files (x86)/atmel/studio/7.0/toolchain/avr8/avr8-gnu-toolchain/bin/../lib/gcc/avr/5.4.0/../../../../avr/lib/avrxmega6\libm.a(addsf3x.o)
                0x000033be                __addsf3x
 .text.avr-libc.fplib
                0x00003464        0x4 c:/program files (x86)/atmel/studio/7.0/toolchain/avr8/avr8-gnu-toolchain/bin/../lib/gcc/avr/5.4.0/../../../../avr/lib/avrxmega6\libm.a(divsf3.o)
                0x00003464                __divsf3
 .text.avr-libc.fplib
                0x00003468       0xcc c:/program files (x86)/atmel/studio/7.0/toolchain/avr8/avr8-gnu-toolchain/bin/../lib/gcc/avr/5.4.0/../../../../avr/lib/avrxmega6\libm.a(divsf3x.o)
                0x0000347e                __divsf3x
                0x00003482                __divsf3_pse
 .text.avr-libc.fplib
                0x00003534        0xa c:/program files (x86)/atmel/studio/7.0/toolchain/avr8/avr8-gnu-toolchain/bin/../lib/gcc/avr/5.4.0/../../../../avr/lib/avrxmega6\libm.a(fixsfsi.o)
                0x00003534                __fixsfsi
 .text.avr-libc.fplib
                0x0000353e       0x58 c:/program files (x86)/atmel/studio/7.0/toolchain/avr8/avr8-gnu-toolchain/bin/../lib/gcc/avr/5.4.0/../../../../avr/lib/avrxmega6\libm.a(fixunssfsi.o)
                0x0000353e                __fixunssfsi
 .text.avr-libc.fplib
                0x00003596       0x7a c:/program files (x86)/atmel/studio/7.0/toolchain/avr8/avr8-gnu-toolchain/bin/../lib/gcc/avr/5.4.0/../../../../avr/lib/avrxmega6\libm.a(floatsisf.o)
                0x00003596                __floatunsisf
                0x0000359a                __floatsisf
 .text.avr-libc.fplib
                0x00003610        0xc c:/program files (x86)/atmel/studio/7.0/toolchain/avr8/avr8-gnu-toolchain/bin/../lib/gcc/avr/5.4.0/../../../../avr/lib/avrxmega6\libm.a(fp_inf.o)
                0x00003610                __fp_inf
 .text.avr-libc.fplib
                0x0000361c        0x6 c:/program files (x86)/atmel/studio/7.0/toolchain/avr8/avr8-gnu-toolchain/bin/../lib/gcc/avr/5.4.0/../../../../avr/lib/avrxmega6\libm.a(fp_nan.o)
                0x0000361c                __fp_nan
 .text.avr-libc.fplib
                0x00003622        0xe c:/program files (x86)/atmel/studio/7.0/toolchain/avr8/avr8-gnu-toolchain/bin/../lib/gcc/avr/5.4.0/../../../../avr/lib/avrxmega6\libm.a(fp_pscA.o)
                0x00003622                __fp_pscA
 .text.avr-libc.fplib
                0x00003630        0xe c:/program files (x86)/atmel/studio/7.0/toolchain/avr8/avr8-gnu-toolchain/bin/../lib/gcc/avr/5.4.0/../../../../avr/lib/avrxmega6\libm.a(fp_pscB.o)
                0x00003630                __fp_pscB
 .text.avr-libc.fplib
                0x0000363e       0x22 c:/program files (x86)/atmel/studio/7.0/toolchain/avr8/avr8-gnu-toolchain/bin/../lib/gcc/avr/5.4.0/../../../../avr/lib/avrxmega6\libm.a(fp_round.o)
                0x0000363e                __fp_round
 .text.avr-libc.fplib
                0x00003660       0x44 c:/program files (x86)/atmel/studio/7.0/toolchain/avr8/avr8-gnu-toolchain/bin/../lib/gcc/avr/5.4.0/../../../../avr/lib/avrxmega6\libm.a(fp_split3.o)
                0x00003660                __fp_split3
                0x00003670                __fp_splitA
 .text.avr-libc.fplib
                0x000036a4        0xe c:/program files (x86)/atmel/studio/7.0/toolchain/avr8/avr8-gnu-toolchain/bin/../lib/gcc/avr/5.4.0/../../../../avr/lib/avrxmega6\libm.a(fp_zero.o)
                0x000036a4                __fp_zero
                0x000036a6                __fp_szero
 .text.avr-libc.fplib
                0x000036b2        0x4 c:/program files (x86)/atmel/studio/7.0/toolchain/avr8/avr8-gnu-toolchain/bin/../lib/gcc/avr/5.4.0/../../../../avr/lib/avrxmega6\libm.a(mulsf3.o)
                0x000036b2                __mulsf3
 .text.avr-libc.fplib
                0x000036b6       0xc2 c:/program files (x86)/atmel/studio/7.0/toolchain/avr8/avr8-gnu-toolchain/bin/../lib/gcc/avr/5.4.0/../../../../avr/lib/avrxmega6\libm.a(mulsf3x.o)
                0x000036ca                __mulsf3x
                0x000036ce                __mulsf3_pse
 .text.libgcc.div
                0x00003778       0x44 c:/program files (x86)/atmel/studio/7.0/toolchain/avr8/avr8-gnu-toolchain/bin/../lib/gcc/avr/5.4.0/avrxmega6\libgcc.a(_udivmodsi4.o)
                0x00003778                __udivmodsi4
 .text.libgcc   0x000037bc       0x10 c:/program files (x86)/atmel/studio/7.0/toolchain/avr8/avr8-gnu-toolchain/bin/../lib/gcc/avr/5.4.0/avrxmega6\libgcc.a(_tablejump2.o)
                0x000037bc                __tablejump2__
 .text.avr-libc
                0x000037cc      0x242 c:/program files (x86)/atmel/studio/7.0/toolchain/avr8/avr8-gnu-toolchain/bin/../lib/gcc/avr/5.4.0/../../../../avr/lib/avrxmega6\libc.a(malloc.o)
                0x000037cc                malloc
                0x000038fc                free
 .text.avr-libc
                0x00003a0e       0x12 c:/program files (x86)/atmel/studio/7.0/toolchain/avr8/avr8-gnu-toolchain/bin/../lib/gcc/avr/5.4.0/../../../../avr/lib/avrxmega6\libc.a(memcpy.o)
                0x00003a0e                memcpy
 .text.avr-libc
                0x00003a20       0x6c c:/program files (x86)/atmel/studio/7.0/toolchain/avr8/avr8-gnu-toolchain/bin/../lib/gcc/avr/5.4.0/../../../../avr/lib/avrxmega6\libc.a(snprintf.o)
                0x00003a20                snprintf
 .text.avr-libc
                0x00003a8c      0x3ee c:/program files (x86)/atmel/studio/7.0/toolchain/avr8/avr8-gnu-toolchain/bin/../lib/gcc/avr/5.4.0/../../../../avr/lib/avrxmega6\libc.a(vfprintf_std.o)
                0x00003a8c                vfprintf
 .text.avr-libc
                0x00003e7a       0x16 c:/program files (x86)/atmel/studio/7.0/toolchain/avr8/avr8-gnu-toolchain/bin/../lib/gcc/avr/5.4.0/../../../../avr/lib/avrxmega6\libc.a(strnlen_P.o)
                0x00003e7a                strnlen_P
 .text.avr-libc
                0x00003e90       0x16 c:/program files (x86)/atmel/studio/7.0/toolchain/avr8/avr8-gnu-toolchain/bin/../lib/gcc/avr/5.4.0/../../../../avr/lib/avrxmega6\libc.a(strnlen.o)
                0x00003e90                strnlen
 .text.avr-libc
                0x00003ea6       0x78 c:/program files (x86)/atmel/studio/7.0/toolchain/avr8/avr8-gnu-toolchain/bin/../lib/gcc/avr/5.4.0/../../../../avr/lib/avrxmega6\libc.a(fputc.o)
                0x00003ea6                fputc
 .text.avr-libc
                0x00003f1e       0xbc c:/program files (x86)/atmel/studio/7.0/toolchain/avr8/avr8-gnu-toolchain/bin/../lib/gcc/avr/5.4.0/../../../../avr/lib/avrxmega6\libc.a(ultoa_invert.o)
                0x00003f1e                __ultoa_invert
                0x00003fda                . = ALIGN (0x2)
 *(.fini9)
 .fini9         0x00003fda        0x0 c:/program files (x86)/atmel/studio/7.0/toolchain/avr8/avr8-gnu-toolchain/bin/../lib/gcc/avr/5.4.0/avrxmega6\libgcc.a(_exit.o)
                0x00003fda                _exit
                0x00003fda                exit
 *(.fini9)
 *(.fini8)
 *(.fini8)
 *(.fini7)
 *(.fini7)
 *(.fini6)
 *(.fini6)
 *(.fini5)
 *(.fini5)
 *(.fini4)
 *(.fini4)
 *(.fini3)
 *(.fini3)
 *(.fini2)
 *(.fini2)
 *(.fini1)
 *(.fini1)
 *(.fini0)
 .fini0         0x00003fda        0x4 c:/program files (x86)/atmel/studio/7.0/toolchain/avr8/avr8-gnu-toolchain/bin/../lib/gcc/avr/5.4.0/avrxmega6\libgcc.a(_exit.o)
 *(.fini0)
                0x00003fde                _etext = .

.data           0x00802000       0x56 load address 0x00003fde
                0x00802000                PROVIDE (__data_start, .)
 *(.data)
 .data          0x00802000        0x6 c:/program files (x86)/atmel/studio/7.0/toolchain/avr8/avr8-gnu-toolchain/bin/../lib/gcc/avr/5.4.0/../../../../avr/lib/avrxmega6\libc.a(malloc.o)
                0x00802000                __malloc_heap_end
                0x00802002                __malloc_heap_start
                0x00802004                __malloc_margin
 *(.data*)
 .data.sysfont  0x00802006        0x7 src/ASF/common/services/gfx_mono/sysfont.o
                0x00802006                sysfont
 *(.rodata)
 *(.rodata*)
 .rodata.str1.1
                0x0080200d        0x5 src/FreeRTOS/tasks.o
 .rodata.str1.1
                0x00802012        0x8 src/FreeRTOS/timers.o
 .rodata.str1.1
                0x0080201a       0x3b src/main.o
                                 0x3c (size before relaxing)
 *(.gnu.linkonce.d*)
                0x00802056                . = ALIGN (0x2)
 *fill*         0x00802055        0x1 
                0x00802056                _edata = .
                0x00802056                PROVIDE (__data_end, .)

.bss            0x00802056      0x364
                0x00802056                PROVIDE (__bss_start, .)
 *(.bss)
 *(.bss*)
 .bss.light_sensor_sample
                0x00802056        0x2 src/adc_sensors.o
                0x00802056                light_sensor_sample
 .bss.ntc_sensor_sample
                0x00802058        0x2 src/adc_sensors.o
                0x00802058                ntc_sensor_sample
 .bss.light_sensor_data_ready
                0x0080205a        0x1 src/adc_sensors.o
                0x0080205a                light_sensor_data_ready
 .bss.ntc_sensor_data_ready
                0x0080205b        0x1 src/adc_sensors.o
                0x0080205b                ntc_sensor_data_ready
 .bss.framebuffer
                0x0080205c      0x200 src/ASF/common/services/gfx_mono/gfx_mono_c12832_a1z.o
 .bss.fbpointer
                0x0080225c        0x2 src/ASF/common/services/gfx_mono/gfx_mono_framebuffer.o
 .bss.adcb_enable_count
                0x0080225e        0x1 src/ASF/xmega/drivers/adc/adc.o
 .bss.adca_enable_count
                0x0080225f        0x1 src/ASF/xmega/drivers/adc/adc.o
 .bss.uxSchedulerSuspended
                0x00802260        0x1 src/FreeRTOS/tasks.o
 .bss.xNextTaskUnblockTime
                0x00802261        0x2 src/FreeRTOS/tasks.o
 .bss.uxTaskNumber
                0x00802263        0x1 src/FreeRTOS/tasks.o
 .bss.xNumOfOverflows
                0x00802264        0x1 src/FreeRTOS/tasks.o
 .bss.xYieldPending
                0x00802265        0x1 src/FreeRTOS/tasks.o
 .bss.uxPendedTicks
                0x00802266        0x1 src/FreeRTOS/tasks.o
 .bss.xSchedulerRunning
                0x00802267        0x1 src/FreeRTOS/tasks.o
 .bss.uxTopReadyPriority
                0x00802268        0x1 src/FreeRTOS/tasks.o
 .bss.xTickCount
                0x00802269        0x2 src/FreeRTOS/tasks.o
 .bss.uxCurrentNumberOfTasks
                0x0080226b        0x1 src/FreeRTOS/tasks.o
 .bss.xPendingReadyList
                0x0080226c        0x9 src/FreeRTOS/tasks.o
 .bss.pxOverflowDelayedTaskList
                0x00802275        0x2 src/FreeRTOS/tasks.o
 .bss.pxDelayedTaskList
                0x00802277        0x2 src/FreeRTOS/tasks.o
 .bss.xDelayedTaskList2
                0x00802279        0x9 src/FreeRTOS/tasks.o
 .bss.xDelayedTaskList1
                0x00802282        0x9 src/FreeRTOS/tasks.o
 .bss.pxReadyTasksLists
                0x0080228b       0x2d src/FreeRTOS/tasks.o
 .bss.pxCurrentTCB
                0x008022b8        0x2 src/FreeRTOS/tasks.o
                0x008022b8                pxCurrentTCB
 .bss.xLastTime.4459
                0x008022ba        0x2 src/FreeRTOS/timers.o
 .bss.xTimerQueue
                0x008022bc        0x2 src/FreeRTOS/timers.o
 .bss.pxOverflowTimerList
                0x008022be        0x2 src/FreeRTOS/timers.o
 .bss.pxCurrentTimerList
                0x008022c0        0x2 src/FreeRTOS/timers.o
 .bss.xActiveTimerList2
                0x008022c2        0x9 src/FreeRTOS/timers.o
 .bss.xActiveTimerList1
                0x008022cb        0x9 src/FreeRTOS/timers.o
 .bss.strbuf    0x008022d4       0xc9 src/main.o
 .bss.increment
                0x0080239d        0x4 src/main.o
                0x0080239d                increment
 .bss.result3   0x008023a1        0x2 src/main.o
                0x008023a1                result3
 .bss.result2   0x008023a3        0x2 src/main.o
                0x008023a3                result2
 .bss.result    0x008023a5        0x2 src/main.o
                0x008023a5                result
 .bss.iterations
                0x008023a7        0x1 src/main.o
                0x008023a7                iterations
 .bss.intensity
                0x008023a8        0x4 src/main.o
                0x008023a8                intensity
 *(COMMON)
 COMMON         0x008023ac        0x6 src/ASF/common/services/sleepmgr/xmega/sleepmgr.o
                0x008023ac                sleepmgr_locks
 COMMON         0x008023b2        0x4 src/ASF/xmega/drivers/adc/adc.o
                0x008023b2                adcb_callback
                0x008023b4                adca_callback
 COMMON         0x008023b6        0x4 c:/program files (x86)/atmel/studio/7.0/toolchain/avr8/avr8-gnu-toolchain/bin/../lib/gcc/avr/5.4.0/../../../../avr/lib/avrxmega6\libc.a(malloc.o)
                0x008023b6                __brkval
                0x008023b8                __flp
                0x008023ba                PROVIDE (__bss_end, .)
                0x00003fde                __data_load_start = LOADADDR (.data)
                0x00004034                __data_load_end = (__data_load_start + SIZEOF (.data))

.noinit         0x008023ba        0x0
                [!provide]                PROVIDE (__noinit_start, .)
 *(.noinit*)
                [!provide]                PROVIDE (__noinit_end, .)
                0x008023ba                _end = .
                0x008023ba                PROVIDE (__heap_start, .)

.eeprom         0x00810000        0x0
 *(.eeprom*)
                0x00810000                __eeprom_end = .

.fuse
 *(.fuse)
 *(.lfuse)
 *(.hfuse)
 *(.efuse)

.lock
 *(.lock*)

.signature
 *(.signature*)

.user_signatures
 *(.user_signatures*)

.stab
 *(.stab)

.stabstr
 *(.stabstr)

.stab.excl
 *(.stab.excl)

.stab.exclstr
 *(.stab.exclstr)

.stab.index
 *(.stab.index)

.stab.indexstr
 *(.stab.indexstr)

.comment        0x00000000       0x5c
 *(.comment)
 .comment       0x00000000       0x30 src/adc_sensors.o
                                 0x31 (size before relaxing)
 .comment       0x00000030       0x31 src/ASF/common/components/display/st7565r/st7565r.o
 .comment       0x00000030       0x31 src/ASF/common/services/clock/xmega/sysclk.o
 .comment       0x00000030       0x31 src/ASF/common/services/gfx_mono/gfx_mono_c12832_a1z.o
 .comment       0x00000030       0x31 src/ASF/common/services/gfx_mono/gfx_mono_framebuffer.o
 .comment       0x00000030       0x31 src/ASF/common/services/gfx_mono/gfx_mono_generic.o
 .comment       0x00000030       0x31 src/ASF/common/services/gfx_mono/gfx_mono_text.o
 .comment       0x00000030       0x31 src/ASF/common/services/gfx_mono/sysfont.o
 .comment       0x00000030       0x31 src/ASF/common/services/sleepmgr/xmega/sleepmgr.o
 .comment       0x00000030       0x31 src/ASF/common/services/spi/xmega_usart_spi/usart_spi.o
 .comment       0x00000030       0x31 src/ASF/xmega/drivers/adc/adc.o
 .comment       0x00000030       0x31 src/ASF/xmega/drivers/adc/xmega_aau/adc_aau.o
 .comment       0x00000030       0x31 src/ASF/xmega/drivers/usart/usart.o
 .comment       0x00000030       0x31 src/FreeRTOS/list.o
 .comment       0x00000030       0x31 src/FreeRTOS/portable/GCC/ATXmega256A3BU/port.o
 .comment       0x00000030       0x31 src/FreeRTOS/portable/MemMang/heap_3.o
 .comment       0x00000030       0x31 src/FreeRTOS/queue.o
 .comment       0x00000030       0x31 src/FreeRTOS/tasks.o
 .comment       0x00000030       0x31 src/FreeRTOS/timers.o
 .comment       0x00000030       0x31 src/ASF/common/services/ioport/xmega/ioport_compat.o
 .comment       0x00000030       0x31 src/ASF/xmega/boards/xmega_a3bu_xplained/init.o
 .comment       0x00000030       0x31 src/main.o
 .comment       0x00000030       0x31 c:/program files (x86)/atmel/studio/7.0/toolchain/avr8/avr8-gnu-toolchain/bin/../lib/gcc/avr/5.4.0/../../../../avr/lib/avrxmega6\libc.a(malloc.o)
 .comment       0x00000030       0x31 c:/program files (x86)/atmel/studio/7.0/toolchain/avr8/avr8-gnu-toolchain/bin/../lib/gcc/avr/5.4.0/../../../../avr/lib/avrxmega6\libc.a(snprintf.o)
 .comment       0x00000030       0x2c c:/program files (x86)/atmel/studio/7.0/toolchain/avr8/avr8-gnu-toolchain/bin/../lib/gcc/avr/5.4.0/../../../../avr/lib/avrxmega6\libc.a(vfprintf_std.o)
                                 0x2d (size before relaxing)
 .comment       0x0000005c       0x31 c:/program files (x86)/atmel/studio/7.0/toolchain/avr8/avr8-gnu-toolchain/bin/../lib/gcc/avr/5.4.0/../../../../avr/lib/avrxmega6\libc.a(fputc.o)

.note.gnu.avr.deviceinfo
                0x00000000       0x44
 .note.gnu.avr.deviceinfo
                0x00000000       0x44 C:/Program Files (x86)/Atmel/Studio/7.0/Packs/atmel/XMEGAA_DFP/1.1.68/gcc/dev/atxmega256a3bu/avrxmega6/crtatxmega256a3bu.o

.note.gnu.build-id
 *(.note.gnu.build-id)

.debug
 *(.debug)

.line
 *(.line)

.debug_srcinfo
 *(.debug_srcinfo)

.debug_sfnames
 *(.debug_sfnames)

.debug_aranges  0x00000000      0x718
 *(.debug_aranges)
 .debug_aranges
                0x00000000       0x50 src/adc_sensors.o
 .debug_aranges
                0x00000050       0x28 src/ASF/common/components/display/st7565r/st7565r.o
 .debug_aranges
                0x00000078       0x40 src/ASF/common/services/clock/xmega/sysclk.o
 .debug_aranges
                0x000000b8       0x60 src/ASF/common/services/gfx_mono/gfx_mono_c12832_a1z.o
 .debug_aranges
                0x00000118       0x58 src/ASF/common/services/gfx_mono/gfx_mono_framebuffer.o
 .debug_aranges
                0x00000170       0x58 src/ASF/common/services/gfx_mono/gfx_mono_generic.o
 .debug_aranges
                0x000001c8       0x40 src/ASF/common/services/gfx_mono/gfx_mono_text.o
 .debug_aranges
                0x00000208       0x18 src/ASF/common/services/gfx_mono/sysfont.o
 .debug_aranges
                0x00000220       0x18 src/ASF/common/services/sleepmgr/xmega/sleepmgr.o
 .debug_aranges
                0x00000238       0x48 src/ASF/common/services/spi/xmega_usart_spi/usart_spi.o
 .debug_aranges
                0x00000280       0x48 src/ASF/xmega/drivers/adc/adc.o
 .debug_aranges
                0x000002c8       0x78 src/ASF/xmega/drivers/adc/xmega_aau/adc_aau.o
 .debug_aranges
                0x00000340       0x28 src/ASF/xmega/drivers/nvm/nvm_asm.o
 .debug_aranges
                0x00000368       0x58 src/ASF/xmega/drivers/usart/usart.o
 .debug_aranges
                0x000003c0       0x40 src/FreeRTOS/list.o
 .debug_aranges
                0x00000400       0x38 src/FreeRTOS/portable/GCC/ATXmega256A3BU/port.o
 .debug_aranges
                0x00000438       0x28 src/FreeRTOS/portable/MemMang/heap_3.o
 .debug_aranges
                0x00000460       0xa8 src/FreeRTOS/queue.o
 .debug_aranges
                0x00000508      0x108 src/FreeRTOS/tasks.o
 .debug_aranges
                0x00000610       0x70 src/FreeRTOS/timers.o
 .debug_aranges
                0x00000680       0x20 src/ASF/common/services/ioport/xmega/ioport_compat.o
 .debug_aranges
                0x000006a0       0x20 src/ASF/xmega/boards/xmega_a3bu_xplained/init.o
 .debug_aranges
                0x000006c0       0x58 src/main.o

.debug_pubnames
 *(.debug_pubnames)

.debug_info     0x00000000    0x1651b
 *(.debug_info .gnu.linkonce.wi.*)
 .debug_info    0x00000000     0x3379 C:/Program Files (x86)/Atmel/Studio/7.0/Packs/atmel/XMEGAA_DFP/1.1.68/gcc/dev/atxmega256a3bu/avrxmega6/crtatxmega256a3bu.o
 .debug_info    0x00003379     0x123e src/adc_sensors.o
 .debug_info    0x000045b7     0x1945 src/ASF/common/components/display/st7565r/st7565r.o
 .debug_info    0x00005efc      0x720 src/ASF/common/services/clock/xmega/sysclk.o
 .debug_info    0x0000661c     0x1de2 src/ASF/common/services/gfx_mono/gfx_mono_c12832_a1z.o
 .debug_info    0x000083fe      0x487 src/ASF/common/services/gfx_mono/gfx_mono_framebuffer.o
 .debug_info    0x00008885      0xc10 src/ASF/common/services/gfx_mono/gfx_mono_generic.o
 .debug_info    0x00009495      0x71b src/ASF/common/services/gfx_mono/gfx_mono_text.o
 .debug_info    0x00009bb0      0x1af src/ASF/common/services/gfx_mono/sysfont.o
 .debug_info    0x00009d5f      0x129 src/ASF/common/services/sleepmgr/xmega/sleepmgr.o
 .debug_info    0x00009e88      0xb7e src/ASF/common/services/spi/xmega_usart_spi/usart_spi.o
 .debug_info    0x0000aa06      0xa9b src/ASF/xmega/drivers/adc/adc.o
 .debug_info    0x0000b4a1      0xe8e src/ASF/xmega/drivers/adc/xmega_aau/adc_aau.o
 .debug_info    0x0000c32f       0xc1 src/ASF/xmega/drivers/nvm/nvm_asm.o
 .debug_info    0x0000c3f0     0x2ce7 src/ASF/xmega/drivers/usart/usart.o
 .debug_info    0x0000f0d7      0x2d1 src/FreeRTOS/list.o
 .debug_info    0x0000f3a8      0x9ff src/FreeRTOS/portable/GCC/ATXmega256A3BU/port.o
 .debug_info    0x0000fda7      0x175 src/FreeRTOS/portable/MemMang/heap_3.o
 .debug_info    0x0000ff1c      0xf92 src/FreeRTOS/queue.o
 .debug_info    0x00010eae     0x1672 src/FreeRTOS/tasks.o
 .debug_info    0x00012520      0xe70 src/FreeRTOS/timers.o
 .debug_info    0x00013390      0x121 src/ASF/common/services/ioport/xmega/ioport_compat.o
 .debug_info    0x000134b1      0xaeb src/ASF/xmega/boards/xmega_a3bu_xplained/init.o
 .debug_info    0x00013f9c     0x257f src/main.o

.debug_abbrev   0x00000000     0x628b
 *(.debug_abbrev)
 .debug_abbrev  0x00000000     0x30c4 C:/Program Files (x86)/Atmel/Studio/7.0/Packs/atmel/XMEGAA_DFP/1.1.68/gcc/dev/atxmega256a3bu/avrxmega6/crtatxmega256a3bu.o
 .debug_abbrev  0x000030c4      0x3a8 src/adc_sensors.o
 .debug_abbrev  0x0000346c      0x2a0 src/ASF/common/components/display/st7565r/st7565r.o
 .debug_abbrev  0x0000370c      0x20f src/ASF/common/services/clock/xmega/sysclk.o
 .debug_abbrev  0x0000391b      0x385 src/ASF/common/services/gfx_mono/gfx_mono_c12832_a1z.o
 .debug_abbrev  0x00003ca0      0x174 src/ASF/common/services/gfx_mono/gfx_mono_framebuffer.o
 .debug_abbrev  0x00003e14      0x1ac src/ASF/common/services/gfx_mono/gfx_mono_generic.o
 .debug_abbrev  0x00003fc0      0x21c src/ASF/common/services/gfx_mono/gfx_mono_text.o
 .debug_abbrev  0x000041dc       0xe2 src/ASF/common/services/gfx_mono/sysfont.o
 .debug_abbrev  0x000042be       0x84 src/ASF/common/services/sleepmgr/xmega/sleepmgr.o
 .debug_abbrev  0x00004342      0x2d8 src/ASF/common/services/spi/xmega_usart_spi/usart_spi.o
 .debug_abbrev  0x0000461a      0x2d6 src/ASF/xmega/drivers/adc/adc.o
 .debug_abbrev  0x000048f0      0x335 src/ASF/xmega/drivers/adc/xmega_aau/adc_aau.o
 .debug_abbrev  0x00004c25       0x12 src/ASF/xmega/drivers/nvm/nvm_asm.o
 .debug_abbrev  0x00004c37      0x3f5 src/ASF/xmega/drivers/usart/usart.o
 .debug_abbrev  0x0000502c       0xfb src/FreeRTOS/list.o
 .debug_abbrev  0x00005127      0x1b3 src/FreeRTOS/portable/GCC/ATXmega256A3BU/port.o
 .debug_abbrev  0x000052da       0xdc src/FreeRTOS/portable/MemMang/heap_3.o
 .debug_abbrev  0x000053b6      0x252 src/FreeRTOS/queue.o
 .debug_abbrev  0x00005608      0x2ff src/FreeRTOS/tasks.o
 .debug_abbrev  0x00005907      0x2e8 src/FreeRTOS/timers.o
 .debug_abbrev  0x00005bef       0x95 src/ASF/common/services/ioport/xmega/ioport_compat.o
 .debug_abbrev  0x00005c84      0x14a src/ASF/xmega/boards/xmega_a3bu_xplained/init.o
 .debug_abbrev  0x00005dce      0x4bd src/main.o

.debug_line     0x00000000     0xbf84
 *(.debug_line .debug_line.* .debug_line_end)
 .debug_line    0x00000000      0x39d C:/Program Files (x86)/Atmel/Studio/7.0/Packs/atmel/XMEGAA_DFP/1.1.68/gcc/dev/atxmega256a3bu/avrxmega6/crtatxmega256a3bu.o
 .debug_line    0x0000039d      0x859 src/adc_sensors.o
 .debug_line    0x00000bf6      0xac1 src/ASF/common/components/display/st7565r/st7565r.o
 .debug_line    0x000016b7      0x608 src/ASF/common/services/clock/xmega/sysclk.o
 .debug_line    0x00001cbf      0xda7 src/ASF/common/services/gfx_mono/gfx_mono_c12832_a1z.o
 .debug_line    0x00002a66      0x918 src/ASF/common/services/gfx_mono/gfx_mono_framebuffer.o
 .debug_line    0x0000337e      0xc05 src/ASF/common/services/gfx_mono/gfx_mono_generic.o
 .debug_line    0x00003f83      0x9a2 src/ASF/common/services/gfx_mono/gfx_mono_text.o
 .debug_line    0x00004925      0x7c2 src/ASF/common/services/gfx_mono/sysfont.o
 .debug_line    0x000050e7      0x457 src/ASF/common/services/sleepmgr/xmega/sleepmgr.o
 .debug_line    0x0000553e      0x7d6 src/ASF/common/services/spi/xmega_usart_spi/usart_spi.o
 .debug_line    0x00005d14      0x789 src/ASF/xmega/drivers/adc/adc.o
 .debug_line    0x0000649d      0x95d src/ASF/xmega/drivers/adc/xmega_aau/adc_aau.o
 .debug_line    0x00006dfa      0x11f src/ASF/xmega/drivers/nvm/nvm_asm.o
 .debug_line    0x00006f19      0xc93 src/ASF/xmega/drivers/usart/usart.o
 .debug_line    0x00007bac      0x442 src/FreeRTOS/list.o
 .debug_line    0x00007fee      0x4cc src/FreeRTOS/portable/GCC/ATXmega256A3BU/port.o
 .debug_line    0x000084ba      0x390 src/FreeRTOS/portable/MemMang/heap_3.o
 .debug_line    0x0000884a      0xa01 src/FreeRTOS/queue.o
 .debug_line    0x0000924b      0xe24 src/FreeRTOS/tasks.o
 .debug_line    0x0000a06f      0x6e0 src/FreeRTOS/timers.o
 .debug_line    0x0000a74f      0x4b4 src/ASF/common/services/ioport/xmega/ioport_compat.o
 .debug_line    0x0000ac03      0x4df src/ASF/xmega/boards/xmega_a3bu_xplained/init.o
 .debug_line    0x0000b0e2      0xea2 src/main.o

.debug_frame    0x00000000     0x175c
 *(.debug_frame)
 .debug_frame   0x00000000       0xa8 src/adc_sensors.o
 .debug_frame   0x000000a8       0x68 src/ASF/common/components/display/st7565r/st7565r.o
 .debug_frame   0x00000110       0x64 src/ASF/common/services/clock/xmega/sysclk.o
 .debug_frame   0x00000174      0x1b4 src/ASF/common/services/gfx_mono/gfx_mono_c12832_a1z.o
 .debug_frame   0x00000328       0xd0 src/ASF/common/services/gfx_mono/gfx_mono_framebuffer.o
 .debug_frame   0x000003f8      0x214 src/ASF/common/services/gfx_mono/gfx_mono_generic.o
 .debug_frame   0x0000060c      0x100 src/ASF/common/services/gfx_mono/gfx_mono_text.o
 .debug_frame   0x0000070c       0x90 src/ASF/common/services/spi/xmega_usart_spi/usart_spi.o
 .debug_frame   0x0000079c       0x8c src/ASF/xmega/drivers/adc/adc.o
 .debug_frame   0x00000828      0x3a4 src/ASF/xmega/drivers/adc/xmega_aau/adc_aau.o
 .debug_frame   0x00000bcc      0x140 src/ASF/xmega/drivers/usart/usart.o
 .debug_frame   0x00000d0c       0x88 src/FreeRTOS/list.o
 .debug_frame   0x00000d94       0x60 src/FreeRTOS/portable/GCC/ATXmega256A3BU/port.o
 .debug_frame   0x00000df4       0x4c src/FreeRTOS/portable/MemMang/heap_3.o
 .debug_frame   0x00000e40      0x23c src/FreeRTOS/queue.o
 .debug_frame   0x0000107c      0x3d8 src/FreeRTOS/tasks.o
 .debug_frame   0x00001454      0x180 src/FreeRTOS/timers.o
 .debug_frame   0x000015d4       0x30 src/ASF/common/services/ioport/xmega/ioport_compat.o
 .debug_frame   0x00001604       0x24 src/ASF/xmega/boards/xmega_a3bu_xplained/init.o
 .debug_frame   0x00001628      0x134 src/main.o

.debug_str      0x00000000    0x38ceb
 *(.debug_str)
 .debug_str     0x00000000     0x21e4 C:/Program Files (x86)/Atmel/Studio/7.0/Packs/atmel/XMEGAA_DFP/1.1.68/gcc/dev/atxmega256a3bu/avrxmega6/crtatxmega256a3bu.o
 .debug_str     0x000021e4    0x2a5a2 src/adc_sensors.o
                              0x2ae3f (size before relaxing)
 .debug_str     0x0002c786     0x1456 src/ASF/common/components/display/st7565r/st7565r.o
                              0x2abdf (size before relaxing)
 .debug_str     0x0002dbdc      0x2d0 src/ASF/common/services/clock/xmega/sysclk.o
                              0x29a35 (size before relaxing)
 .debug_str     0x0002deac      0xc05 src/ASF/common/services/gfx_mono/gfx_mono_c12832_a1z.o
                              0x2b4e0 (size before relaxing)
 .debug_str     0x0002eab1       0xba src/ASF/common/services/gfx_mono/gfx_mono_framebuffer.o
                              0x2b0fb (size before relaxing)
 .debug_str     0x0002eb6b      0x225 src/ASF/common/services/gfx_mono/gfx_mono_generic.o
                              0x2b23e (size before relaxing)
 .debug_str     0x0002ed90      0x233 src/ASF/common/services/gfx_mono/gfx_mono_text.o
                              0x2b1d2 (size before relaxing)
 .debug_str     0x0002efc3     0x10b0 src/ASF/common/services/gfx_mono/sysfont.o
                              0x2c02f (size before relaxing)
 .debug_str     0x00030073       0xb3 src/ASF/common/services/sleepmgr/xmega/sleepmgr.o
                              0x27632 (size before relaxing)
 .debug_str     0x00030126      0x1d1 src/ASF/common/services/spi/xmega_usart_spi/usart_spi.o
                              0x2a22b (size before relaxing)
 .debug_str     0x000302f7      0x150 src/ASF/xmega/drivers/adc/adc.o
                              0x2a375 (size before relaxing)
 .debug_str     0x00030447      0x4c6 src/ASF/xmega/drivers/adc/xmega_aau/adc_aau.o
                              0x2a5d4 (size before relaxing)
 .debug_str     0x0003090d      0x981 src/ASF/xmega/drivers/usart/usart.o
                              0x2ad69 (size before relaxing)
 .debug_str     0x0003128e     0x2cfc src/FreeRTOS/list.o
                              0x1ccfe (size before relaxing)
 .debug_str     0x00033f8a     0x16bc src/FreeRTOS/portable/GCC/ATXmega256A3BU/port.o
                              0x1e7aa (size before relaxing)
 .debug_str     0x00035646       0xca src/FreeRTOS/portable/MemMang/heap_3.o
                              0x1d3d3 (size before relaxing)
 .debug_str     0x00035710     0x11d9 src/FreeRTOS/queue.o
                              0x1e6a6 (size before relaxing)
 .debug_str     0x000368e9     0x13b5 src/FreeRTOS/tasks.o
                              0x1ebc1 (size before relaxing)
 .debug_str     0x00037c9e      0x396 src/FreeRTOS/timers.o
                              0x1eb5c (size before relaxing)
 .debug_str     0x00038034       0x77 src/ASF/common/services/ioport/xmega/ioport_compat.o
                              0x278e9 (size before relaxing)
 .debug_str     0x000380ab       0xf7 src/ASF/xmega/boards/xmega_a3bu_xplained/init.o
                              0x29363 (size before relaxing)
 .debug_str     0x000381a2      0xb49 src/main.o
                              0x320bf (size before relaxing)

.debug_loc      0x00000000     0xadca
 *(.debug_loc)
 .debug_loc     0x00000000      0x3d3 src/adc_sensors.o
 .debug_loc     0x000003d3      0x7d7 src/ASF/common/components/display/st7565r/st7565r.o
 .debug_loc     0x00000baa      0x226 src/ASF/common/services/clock/xmega/sysclk.o
 .debug_loc     0x00000dd0     0x1382 src/ASF/common/services/gfx_mono/gfx_mono_c12832_a1z.o
 .debug_loc     0x00002152      0x61c src/ASF/common/services/gfx_mono/gfx_mono_framebuffer.o
 .debug_loc     0x0000276e     0x11c5 src/ASF/common/services/gfx_mono/gfx_mono_generic.o
 .debug_loc     0x00003933      0x9a2 src/ASF/common/services/gfx_mono/gfx_mono_text.o
 .debug_loc     0x000042d5      0x56c src/ASF/common/services/spi/xmega_usart_spi/usart_spi.o
 .debug_loc     0x00004841      0x264 src/ASF/xmega/drivers/adc/adc.o
 .debug_loc     0x00004aa5      0xcdc src/ASF/xmega/drivers/adc/xmega_aau/adc_aau.o
 .debug_loc     0x00005781      0xec9 src/ASF/xmega/drivers/usart/usart.o
 .debug_loc     0x0000664a      0x145 src/FreeRTOS/list.o
 .debug_loc     0x0000678f      0x2b0 src/FreeRTOS/portable/GCC/ATXmega256A3BU/port.o
 .debug_loc     0x00006a3f      0x102 src/FreeRTOS/portable/MemMang/heap_3.o
 .debug_loc     0x00006b41     0x1159 src/FreeRTOS/queue.o
 .debug_loc     0x00007c9a     0x1932 src/FreeRTOS/tasks.o
 .debug_loc     0x000095cc      0xb8b src/FreeRTOS/timers.o
 .debug_loc     0x0000a157       0x66 src/ASF/common/services/ioport/xmega/ioport_compat.o
 .debug_loc     0x0000a1bd      0x3fa src/ASF/xmega/boards/xmega_a3bu_xplained/init.o
 .debug_loc     0x0000a5b7      0x813 src/main.o

.debug_macinfo
 *(.debug_macinfo)

.debug_weaknames
 *(.debug_weaknames)

.debug_funcnames
 *(.debug_funcnames)

.debug_typenames
 *(.debug_typenames)

.debug_varnames
 *(.debug_varnames)

.debug_pubtypes
 *(.debug_pubtypes)

.debug_ranges   0x00000000      0x868
 *(.debug_ranges)
 .debug_ranges  0x00000000       0x40 src/adc_sensors.o
 .debug_ranges  0x00000040       0x18 src/ASF/common/components/display/st7565r/st7565r.o
 .debug_ranges  0x00000058       0x30 src/ASF/common/services/clock/xmega/sysclk.o
 .debug_ranges  0x00000088      0x188 src/ASF/common/services/gfx_mono/gfx_mono_c12832_a1z.o
 .debug_ranges  0x00000210       0x48 src/ASF/common/services/gfx_mono/gfx_mono_framebuffer.o
 .debug_ranges  0x00000258       0x48 src/ASF/common/services/gfx_mono/gfx_mono_generic.o
 .debug_ranges  0x000002a0       0x30 src/ASF/common/services/gfx_mono/gfx_mono_text.o
 .debug_ranges  0x000002d0       0x98 src/ASF/common/services/spi/xmega_usart_spi/usart_spi.o
 .debug_ranges  0x00000368       0x38 src/ASF/xmega/drivers/adc/adc.o
 .debug_ranges  0x000003a0       0x68 src/ASF/xmega/drivers/adc/xmega_aau/adc_aau.o
 .debug_ranges  0x00000408       0x20 src/ASF/xmega/drivers/nvm/nvm_asm.o
 .debug_ranges  0x00000428       0x80 src/ASF/xmega/drivers/usart/usart.o
 .debug_ranges  0x000004a8       0x30 src/FreeRTOS/list.o
 .debug_ranges  0x000004d8       0x28 src/FreeRTOS/portable/GCC/ATXmega256A3BU/port.o
 .debug_ranges  0x00000500       0x18 src/FreeRTOS/portable/MemMang/heap_3.o
 .debug_ranges  0x00000518       0x98 src/FreeRTOS/queue.o
 .debug_ranges  0x000005b0      0x158 src/FreeRTOS/tasks.o
 .debug_ranges  0x00000708       0xb0 src/FreeRTOS/timers.o
 .debug_ranges  0x000007b8       0x10 src/ASF/common/services/ioport/xmega/ioport_compat.o
 .debug_ranges  0x000007c8       0x10 src/ASF/xmega/boards/xmega_a3bu_xplained/init.o
 .debug_ranges  0x000007d8       0x90 src/main.o

.debug_macro    0x00000000     0xcec1
 *(.debug_macro)
 .debug_macro   0x00000000      0x245 src/adc_sensors.o
 .debug_macro   0x00000245      0xa9c src/adc_sensors.o
 .debug_macro   0x00000ce1       0x10 src/adc_sensors.o
 .debug_macro   0x00000cf1      0x1c9 src/adc_sensors.o
 .debug_macro   0x00000eba      0x2fc src/adc_sensors.o
 .debug_macro   0x000011b6       0x9e src/adc_sensors.o
 .debug_macro   0x00001254     0x6271 src/adc_sensors.o
 .debug_macro   0x000074c5       0x9a src/adc_sensors.o
 .debug_macro   0x0000755f       0xf1 src/adc_sensors.o
 .debug_macro   0x00007650       0x34 src/adc_sensors.o
 .debug_macro   0x00007684       0x16 src/adc_sensors.o
 .debug_macro   0x0000769a       0x18 src/adc_sensors.o
 .debug_macro   0x000076b2       0x5e src/adc_sensors.o
 .debug_macro   0x00007710       0x10 src/adc_sensors.o
 .debug_macro   0x00007720       0x22 src/adc_sensors.o
 .debug_macro   0x00007742      0x16d src/adc_sensors.o
 .debug_macro   0x000078af       0x1c src/adc_sensors.o
 .debug_macro   0x000078cb       0x35 src/adc_sensors.o
 .debug_macro   0x00007900       0x66 src/adc_sensors.o
 .debug_macro   0x00007966      0x4d1 src/adc_sensors.o
 .debug_macro   0x00007e37       0x97 src/adc_sensors.o
 .debug_macro   0x00007ece       0x17 src/adc_sensors.o
 .debug_macro   0x00007ee5      0x250 src/adc_sensors.o
 .debug_macro   0x00008135       0x76 src/adc_sensors.o
 .debug_macro   0x000081ab       0x16 src/adc_sensors.o
 .debug_macro   0x000081c1      0x6e3 src/adc_sensors.o
 .debug_macro   0x000088a4       0x10 src/adc_sensors.o
 .debug_macro   0x000088b4      0x175 src/adc_sensors.o
 .debug_macro   0x00008a29       0x40 src/adc_sensors.o
 .debug_macro   0x00008a69       0x69 src/adc_sensors.o
 .debug_macro   0x00008ad2       0x32 src/adc_sensors.o
 .debug_macro   0x00008b04       0xe4 src/adc_sensors.o
 .debug_macro   0x00008be8       0x10 src/adc_sensors.o
 .debug_macro   0x00008bf8       0x20 src/adc_sensors.o
 .debug_macro   0x00008c18       0x10 src/adc_sensors.o
 .debug_macro   0x00008c28       0x42 src/adc_sensors.o
 .debug_macro   0x00008c6a       0x22 src/adc_sensors.o
 .debug_macro   0x00008c8c      0x248 src/adc_sensors.o
 .debug_macro   0x00008ed4      0x303 src/adc_sensors.o
 .debug_macro   0x000091d7       0x7d src/adc_sensors.o
 .debug_macro   0x00009254       0x2f src/adc_sensors.o
 .debug_macro   0x00009283      0x154 src/adc_sensors.o
 .debug_macro   0x000093d7       0xc7 src/adc_sensors.o
 .debug_macro   0x0000949e      0x276 src/ASF/common/components/display/st7565r/st7565r.o
 .debug_macro   0x00009714       0x82 src/ASF/common/components/display/st7565r/st7565r.o
 .debug_macro   0x00009796      0x109 src/ASF/common/components/display/st7565r/st7565r.o
 .debug_macro   0x0000989f       0x28 src/ASF/common/components/display/st7565r/st7565r.o
 .debug_macro   0x000098c7       0x23 src/ASF/common/components/display/st7565r/st7565r.o
 .debug_macro   0x000098ea       0x3a src/ASF/common/components/display/st7565r/st7565r.o
 .debug_macro   0x00009924      0x100 src/ASF/common/components/display/st7565r/st7565r.o
 .debug_macro   0x00009a24       0x34 src/ASF/common/components/display/st7565r/st7565r.o
 .debug_macro   0x00009a58       0x2e src/ASF/common/components/display/st7565r/st7565r.o
 .debug_macro   0x00009a86      0x1db src/ASF/common/services/clock/xmega/sysclk.o
 .debug_macro   0x00009c61       0x26 src/ASF/common/services/clock/xmega/sysclk.o
 .debug_macro   0x00009c87      0x2ba src/ASF/common/services/gfx_mono/gfx_mono_c12832_a1z.o
 .debug_macro   0x00009f41       0x7a src/ASF/common/services/gfx_mono/gfx_mono_c12832_a1z.o
 .debug_macro   0x00009fbb       0x89 src/ASF/common/services/gfx_mono/gfx_mono_c12832_a1z.o
 .debug_macro   0x0000a044      0x2ae src/ASF/common/services/gfx_mono/gfx_mono_framebuffer.o
 .debug_macro   0x0000a2f2      0x302 src/ASF/common/services/gfx_mono/gfx_mono_framebuffer.o
 .debug_macro   0x0000a5f4      0x2ae src/ASF/common/services/gfx_mono/gfx_mono_generic.o
 .debug_macro   0x0000a8a2      0x2d5 src/ASF/common/services/gfx_mono/gfx_mono_text.o
 .debug_macro   0x0000ab77       0xaa src/ASF/common/services/gfx_mono/gfx_mono_text.o
 .debug_macro   0x0000ac21      0x2db src/ASF/common/services/gfx_mono/sysfont.o
 .debug_macro   0x0000aefc       0x3a src/ASF/common/services/gfx_mono/sysfont.o
 .debug_macro   0x0000af36      0x1a3 src/ASF/common/services/sleepmgr/xmega/sleepmgr.o
 .debug_macro   0x0000b0d9      0x234 src/ASF/common/services/spi/xmega_usart_spi/usart_spi.o
 .debug_macro   0x0000b30d      0x22f src/ASF/xmega/drivers/adc/adc.o
 .debug_macro   0x0000b53c      0x22f src/ASF/xmega/drivers/adc/xmega_aau/adc_aau.o
 .debug_macro   0x0000b76b      0x221 src/ASF/xmega/drivers/usart/usart.o
 .debug_macro   0x0000b98c      0x107 src/FreeRTOS/list.o
 .debug_macro   0x0000ba93      0x11a src/FreeRTOS/portable/GCC/ATXmega256A3BU/port.o
 .debug_macro   0x0000bbad       0x8e src/FreeRTOS/portable/GCC/ATXmega256A3BU/port.o
 .debug_macro   0x0000bc3b      0x122 src/FreeRTOS/portable/MemMang/heap_3.o
 .debug_macro   0x0000bd5d      0x17a src/FreeRTOS/queue.o
 .debug_macro   0x0000bed7       0x20 src/FreeRTOS/queue.o
 .debug_macro   0x0000bef7       0xb0 src/FreeRTOS/queue.o
 .debug_macro   0x0000bfa7      0x1bd src/FreeRTOS/tasks.o
 .debug_macro   0x0000c164       0x11 src/FreeRTOS/tasks.o
 .debug_macro   0x0000c175      0x144 src/FreeRTOS/timers.o
 .debug_macro   0x0000c2b9      0x193 src/ASF/common/services/ioport/xmega/ioport_compat.o
 .debug_macro   0x0000c44c      0x1b5 src/ASF/xmega/boards/xmega_a3bu_xplained/init.o
 .debug_macro   0x0000c601       0x2e src/ASF/xmega/boards/xmega_a3bu_xplained/init.o
 .debug_macro   0x0000c62f      0x242 src/ASF/xmega/boards/xmega_a3bu_xplained/init.o
 .debug_macro   0x0000c871      0x460 src/main.o
 .debug_macro   0x0000ccd1       0x34 src/main.o
 .debug_macro   0x0000cd05       0x46 src/main.o
 .debug_macro   0x0000cd4b       0x1c src/main.o
 .debug_macro   0x0000cd67       0x58 src/main.o
 .debug_macro   0x0000cdbf       0x10 src/main.o
 .debug_macro   0x0000cdcf       0xf2 src/main.o
OUTPUT(Praktikum_5_Template_6_2.elf elf32-avr)
LOAD linker stubs

.BOOT           0x00040000        0x0
